=== harness 成绩单 (每关每档 240s, 零介入) ===

INFO:arc_agi.scorecard:Initialized ScorecardManager with idle_for=0:15:00 and max_open_for=3 days, 0:00:00
2026-08-18 11:55:46 | INFO | Created new scorecard: 1840b0d9-1465-4b5d-ac41-af284cd6519e
2026-08-18 11:55:46 | INFO | Found latest version of ls20: ls20-9607627b (downloaded: 2026-08-06 14:41:01.255108+00:00)
2026-08-18 11:55:46 | INFO | Successfully loaded game class Ls20 from environment_files/ls20/9607627b/ls20.py
[agent] ls20 动作空间=keyboard
[交接] L1 是第一关, 无可继承知识, 全部要探
  [ReAct] 实体 5 个, 动作预算 129(单键=None(400 步内未死) 轮换=129(GAME_OVER) — 步数不同, 与走法有关而非纯计步)
  [ReAct] 因果目标假设 3 条, 首选 region_match((40, 49, 29, 48) 要等于 (25, 34, 34, 53)) 开局 h=50
  [Plan] BFS(语义掩码 200 格) [search] 未解出(队列穷尽(状态空间已封闭)) | 扩展 26 节点, 见过 26 状态, 最深 4 层, 队列剩 0, 用时 0.5s  ⚠️疑似假穷尽, 退回全屏重搜
  [Plan] BFS(最短) [search] 解出, 13 步 | 扩展 1199 节点, 见过 1464 状态, 最深 13 层, 队列剩 265, 用时 26.3s
  ✅ 由「BFS 最短路」解出
  沉淀: 目标假设 3 条, 见过颜色 9 种, 形状等价类 2 种
[交接] L2 与上一关的差异:
  点击候选 19 -> 24
  ✅继承: 目标假设 color_count(色 3 的格数达到 919)(h=437); 目标假设 color_count(色 5 的格数达到 434)(h=5); 目标假设 color_count(色 11 的格数达到 62)(h=38)
  [ReAct] 实体 4 个, 动作预算 66(GAME_OVER(两种走法一致, 判定为硬动作预算))
  [ReAct] 因果目标假设 6 条, 首选 region_match((35, 44, 29, 38) 要等于 (5, 14, 19, 28)) 开局 h=25
  [Plan] BFS(语义掩码 100 格) [search] 未解出(队列穷尽(状态空间已封闭)) | 扩展 14 节点, 见过 14 状态, 最深 5 层, 队列剩 0, 用时 0.3s  ⚠️疑似假穷尽, 退回全屏重搜
  [Plan] BFS(最短) [search] 未解出(超时 240.0s) | 扩展 10158 节点, 见过 11151 状态, 最深 39 层, 队列剩 993, 用时 240.3s
  [Plan] [model] 28 个动作: 可用 0(最大覆盖 []) / 状态相关 4 / 无效果 24 / 致死 0 / 样本不足 0
  [Plan] region_match((35, 44, 29, 38) 要等于 (5, 14, 19, 28)) 第1轮 [plan] 抽象层未解出(没有任何动作建成了常量覆盖表 —— 这个游戏的效果与状态有关, 抽象层用不上, 该回真机搜) | 展开 0 节点, h 最好 inf, 0.0s
  [Plan] region_match((35, 44, 29, 38) 要等于 (5, 14, 20, 29)) 第1轮 [plan] 抽象层未解出(没有任何动作建成了常量覆盖表 —— 这个游戏的效果与状态有关, 抽象层用不上, 该回真机搜) | 展开 0 节点, h 最好 inf, 0.0s
  [Plan] 真机最佳优先(region_match((35, 44, 29, 38) 要等于 (5, 14, 19, 28))) [search] 未解出(超时 240.0s, 最好的 h=3) | 扩展 9863 节点, 见过 10322 状态, 最深 41 层, 队列剩 459, 用时 240.1s
  [Plan] 真机最佳优先(region_match((35, 44, 29, 38) 要等于 (5, 14, 20, 29))) [search] 未解出(超时 240.0s, 最好的 h=3) | 扩展 9888 节点, 见过 10369 状态, 最深 42 层, 队列剩 481, 用时 240.0s
  ls20   过 1/7 关 | 步数 13/22 | 752s 

合计: **1/7 关**, 总耗时 752s
已存 results/bench_20260818_1208.json
