=== harness 成绩单 (每关每档 30s, 零介入) ===

INFO:arc_agi.scorecard:Initialized ScorecardManager with idle_for=0:15:00 and max_open_for=3 days, 0:00:00
2026-08-18 12:38:28 | INFO | Created new scorecard: c3033574-4035-43f0-b8fc-8a8679ae62f1
2026-08-18 12:38:28 | INFO | Found latest version of cd82: cd82-fb555c5d (downloaded: 2026-08-07 09:21:09.678017+00:00)
2026-08-18 12:38:28 | INFO | Successfully loaded game class Cd82 from environment_files/cd82/fb555c5d/cd82.py
[agent] cd82 动作空间=keyboard_click
[交接] L1 是第一关, 无可继承知识, 全部要探
  [ReAct] 实体 8 个, 动作预算 100(GAME_OVER(两种走法一致, 判定为硬动作预算))
  [ReAct] 因果目标假设 3 条, 首选 region_match((34, 43, 27, 36) 要等于 (3, 12, 3, 12)) 开局 h=50
  [Plan] BFS(语义掩码 424 格) [search] 解出, 5 步 | 扩展 81 节点, 见过 167 状态, 最深 5 层, 队列剩 86, 用时 1.1s
  ✅ 由「BFS 最短路(语义掩码)」解出
  沉淀: 目标假设 3 条, 见过颜色 6 种, 形状等价类 3 种
[交接] L2 与上一关的差异:
  🆕新增颜色 [12] —— 新机制多半挂在这上面
  点击候选 15 -> 18
  ✅继承: 目标假设 color_count(色 4 的格数达到 161)(h=19); 目标假设 color_count(色 5 的格数达到 3239)(h=3); 目标假设 object_reach(把某 9行形状 移到 (49, 31))(h=21)
  🔍待探(ReAct 的题目): 色12(64格, bbox=(3, 12, 3, 47))
  [ReAct] 新增色12 所在区域受 4 个动作影响: ['A6(34,4)', 'A6(36,4)', 'A6(46,4)', 'A6(48,4)']
  [ReAct] 实体 10 个, 动作预算 100(GAME_OVER(两种走法一致, 判定为硬动作预算))
  [ReAct] 因果目标假设 3 条, 首选 region_match((34, 43, 27, 36) 要等于 (3, 12, 3, 12)) 开局 h=90
  [Plan] BFS(语义掩码 429 格) [search] 未解出(超时 15.0s) | 扩展 978 节点, 见过 2055 状态, 最深 6 层, 队列剩 1077, 用时 15.0s
  [Plan] BFS(最短) [search] 解出, 6 步 | 扩展 562 节点, 见过 1256 状态, 最深 6 层, 队列剩 694, 用时 8.5s
  ✅ 由「BFS 最短路」解出
  沉淀: 目标假设 3 条, 见过颜色 7 种, 形状等价类 3 种
[交接] L3 与上一关的差异:
  🆕新增颜色 [8, 9, 11, 14] —— 新机制多半挂在这上面
  🆕新增形状等价类 1 种
  点击候选 18 -> 32
  ✅继承: 目标假设 color_count(色 4 的格数达到 161)(h=83); 目标假设 color_count(色 5 的格数达到 3239)(h=31); 目标假设 object_reach(把某 9行形状 移到 (49, 31))(h=21)
  🔍待探(ReAct 的题目): 色8(19格, bbox=(3, 12, 4, 54)); 色9(9格, bbox=(3, 5, 58, 60)); 色11(9格, bbox=(3, 5, 40, 42)); 色14(44格, bbox=(3, 12, 8, 48)); 1 种没见过的形状
  [ReAct] 新增色8 所在区域受 12 个动作影响: ['A6(23,4)', 'A6(25,4)', 'A6(35,4)', 'A6(37,4)', 'A6(41,4)', 'A6(43,4)']
  [ReAct] 新增色9 所在区域**没有任何动作能改动** —— 多半是题面/指示物, 不是可操作对象
  [ReAct] 新增色11 所在区域**没有任何动作能改动** —— 多半是题面/指示物, 不是可操作对象
  [ReAct] 新增色14 所在区域受 12 个动作影响: ['A6(23,4)', 'A6(25,4)', 'A6(35,4)', 'A6(37,4)', 'A6(41,4)', 'A6(43,4)']
  [ReAct] 实体 15 个, 动作预算 100(GAME_OVER(两种走法一致, 判定为硬动作预算))
  [ReAct] 因果目标假设 3 条, 首选 region_match((34, 43, 27, 36) 要等于 (3, 12, 3, 12)) 开局 h=100
  [Plan] BFS(最短) [search] 未解出(超时 30.0s) | 扩展 1263 节点, 见过 4057 状态, 最深 4 层, 队列剩 2794, 用时 30.0s
  [Plan] 本关重新分槽 -> [factored] 2 个槽 大小=[12, 4], 独立动作 3 个, 无效 18, 致死 0 | 覆盖率 43% | 组合数约 260
  [Plan] [layers] 19 层 / 绘制顺序 [0, 1, 2, 3, 4] | 留出 8 组: 整帧一致 50%, 逐格 0.9939 [不可用] 槽有 5 个, 只试了正序和逆序两种绘制顺序
  [Plan] 分层排序+真机验(region_match((34, 43, 27, 36) 要等于 (3, 12, 3, 12))) [layers] 分层规划未解出(排序后真机验了前 60 个 / 共 519 个组合, 实测最好 h=57(未验的 459 个)) | 枚举 519 个组合, h 最好 57, 0.11s
  [Plan] 分层排序+真机验(region_match((34, 43, 27, 36) 要等于 (2, 11, 3, 12))) [layers] 分层规划未解出(排序后真机验了前 60 个 / 共 519 个组合, 实测最好 h=67(未验的 459 个)) | 枚举 519 个组合, h 最好 67, 0.11s
  [Plan] [factored] 槽搜索未解出(超 fork 上限 20000) | 走过 1635 个状态, 20008 次 fork, h 最好 inf, 14.2s
  [Plan] [model] 37 个动作: 可用 0(最大覆盖 []) / 状态相关 22 / 无效果 15 / 致死 0 / 样本不足 0
  [Plan] region_match((34, 43, 27, 36) 要等于 (3, 12, 3, 12)) 第1轮 [plan] 抽象层未解出(没有任何动作建成了常量覆盖表 —— 这个游戏的效果与状态有关, 抽象层用不上, 该回真机搜) | 展开 0 节点, h 最好 inf, 0.0s
  [Plan] region_match((34, 43, 27, 36) 要等于 (2, 11, 3, 12)) 第1轮 [plan] 抽象层未解出(没有任何动作建成了常量覆盖表 —— 这个游戏的效果与状态有关, 抽象层用不上, 该回真机搜) | 展开 0 节点, h 最好 inf, 0.0s
  [Plan] 真机最佳优先(region_match((34, 43, 27, 36) 要等于 (3, 12, 3, 12))) [search] 未解出(超时 30.0s, 最好的 h=28) | 扩展 1165 节点, 见过 2589 状态, 最深 22 层, 队列剩 1424, 用时 30.0s
  [Plan] 真机最佳优先(region_match((34, 43, 27, 36) 要等于 (2, 11, 3, 12))) [search] 未解出(超时 30.0s, 最好的 h=46) | 扩展 1192 节点, 见过 2278 状态, 最深 22 层, 队列剩 1086, 用时 30.0s
  cd82   过 2/6 关 | 步数 11/63 | 131s 
INFO:arc_agi.scorecard:Initialized ScorecardManager with idle_for=0:15:00 and max_open_for=3 days, 0:00:00
2026-08-18 12:40:39 | INFO | Created new scorecard: 04fd4c79-911d-484a-87c8-675cfe51122e
2026-08-18 12:40:39 | INFO | Found latest version of ft09: ft09-0d8bbf25 (downloaded: 2026-08-09 02:29:57.378947+00:00)
2026-08-18 12:40:39 | INFO | Successfully loaded game class Ft09 from environment_files/ft09/0d8bbf25/ft09.py
[agent] ft09 动作空间=click
[交接] L1 是第一关, 无可继承知识, 全部要探
  [ReAct] 实体 9 个, 动作预算 32(GAME_OVER(两种走法一致, 判定为硬动作预算))
  [ReAct] 因果目标假设 12 条, 首选 region_match((36, 57, 36, 57) 要等于 (2, 23, 4, 25)) 开局 h=328
  [Plan] BFS(语义掩码 484 格) [search] 解出, 4 步 | 扩展 50 节点, 见过 119 状态, 最深 4 层, 队列剩 69, 用时 4.2s
  ✅ 由「BFS 最短路(语义掩码)」解出
  沉淀: 目标假设 77 条, 见过颜色 7 种, 形状等价类 2 种
[交接] L2 与上一关的差异:
  消失颜色 [5, 8]
  🆕新增形状等价类 1 种
  ⚠️背景色变了 5 -> 4 —— 一切按背景切分的感知都要重来
  点击候选 64 -> 29
  ✅继承: 目标假设 color_count(色 8 的格数达到 556)(h=556); 目标假设 color_count(色 9 的格数达到 612)(h=128); 目标假设 color_count(色 11 的格数达到 6)(h=6)
  ❌作废: region_match((2, 7, 12, 17) 要等于 (44, 49, 52, 57)) — 开局 h 已是 0, 与本关通关无关; region_match((44, 49, 52, 57) 要等于 (2, 7, 12, 17)) — 开局 h 已是 0, 与本关通关无关; region_match((2, 7, 46, 51) 要等于 (44, 49, 52, 57)) — 开局 h 已是 0, 与本关通关无关
  🔍待探(ReAct 的题目): 1 种没见过的形状
  [ReAct] 1 种新形状但没有新颜色 —— 变的是排布不是元素
  [ReAct] 实体 14 个, 动作预算 32(GAME_OVER(两种走法一致, 判定为硬动作预算))
  [ReAct] 因果目标假设 12 条, 首选 region_match((14, 51, 20, 41) 要等于 (0, 37, 42, 63)) 开局 h=532
  [Plan] BFS(语义掩码 836 格) [search] 未解出(超时 15.0s) | 扩展 394 节点, 见过 1171 状态, 最深 4 层, 队列剩 777, 用时 15.0s
  [Plan] BFS(最短) [search] 未解出(超时 30.0s) | 扩展 782 节点, 见过 2217 状态, 最深 4 层, 队列剩 1435, 用时 30.0s
  [Plan] 本关重新分槽 -> [factored] 0 个槽 大小=[], 独立动作 13 个, 无效 16, 致死 0 | 覆盖率 0% | 组合数约 14
  [Plan] [layers] 13 层 / 绘制顺序 [0, 1, 2, 3, 4, 5, 6, 7, 8, 9, 10, 11, 12] | 留出 8 组: 整帧一致 0%, 逐格 0.9995 [不可用] 槽有 13 个, 只试了正序和逆序两种绘制顺序
  [Plan] 分层排序+真机验(region_match((14, 51, 20, 41) 要等于 (0, 37, 42, 63))) [layers] 分层规划未解出(排序后真机验了前 60 个 / 共 8191 个组合, 实测最好 h=532(未验的 8131 个)) | 枚举 8191 个组合, h 最好 532, 0.21s
  [Plan] 分层排序+真机验(region_match((14, 51, 20, 41) 要等于 (1, 38, 42, 63))) [layers] 分层规划未解出(排序后真机验了前 60 个 / 共 8191 个组合, 实测最好 h=532(未验的 8131 个)) | 枚举 8191 个组合, h 最好 532, 0.22s
  [Plan] [factored] 槽搜索未解出(超 fork 上限 20000) | 走过 1881 个状态, 20004 次 fork, h 最好 inf, 25.0s
  [Plan] [model] 29 个动作: 可用 0(最大覆盖 []) / 状态相关 13 / 无效果 16 / 致死 0 / 样本不足 0
  [Plan] region_match((14, 51, 20, 41) 要等于 (0, 37, 42, 63)) 第1轮 [plan] 抽象层未解出(没有任何动作建成了常量覆盖表 —— 这个游戏的效果与状态有关, 抽象层用不上, 该回真机搜) | 展开 0 节点, h 最好 inf, 0.0s
  [Plan] region_match((14, 51, 20, 41) 要等于 (1, 38, 42, 63)) 第1轮 [plan] 抽象层未解出(没有任何动作建成了常量覆盖表 —— 这个游戏的效果与状态有关, 抽象层用不上, 该回真机搜) | 展开 0 节点, h 最好 inf, 0.0s
  [Plan] 真机最佳优先(region_match((14, 51, 20, 41) 要等于 (0, 37, 42, 63))) [search] 未解出(超时 30.0s, 最好的 h=532) | 扩展 776 节点, 见过 2598 状态, 最深 4 层, 队列剩 1822, 用时 30.0s
  [Plan] 真机最佳优先(region_match((14, 51, 20, 41) 要等于 (1, 38, 42, 63))) [search] 未解出(超时 30.0s, 最好的 h=532) | 扩展 768 节点, 见过 2183 状态, 最深 4 层, 队列剩 1415, 用时 30.0s
  ft09   过 1/6 关 | 步数 4/43 | 151s 
INFO:arc_agi.scorecard:Initialized ScorecardManager with idle_for=0:15:00 and max_open_for=3 days, 0:00:00
2026-08-18 12:43:11 | INFO | Created new scorecard: 24417a86-dc96-450d-ac1a-001735a1ff1a
2026-08-18 12:43:11 | INFO | Found latest version of sc25: sc25-635fd71a (downloaded: 2026-08-07 09:21:02.685063+00:00)
2026-08-18 12:43:11 | INFO | Successfully loaded game class Sc25 from environment_files/sc25/635fd71a/sc25.py
[agent] sc25 动作空间=keyboard_click
[交接] L1 是第一关, 无可继承知识, 全部要探
  [ReAct] 实体 12 个, 动作预算 52(GAME_OVER(两种走法一致, 判定为硬动作预算))
  [ReAct] 因果目标假设 12 条, 首选 region_match((49, 61, 24, 36) 要等于 (47, 59, 11, 23)) 开局 h=125
  [Plan] BFS(最短) [search] 未解出(超时 30.0s) | 扩展 291 节点, 见过 1317 状态, 最深 4 层, 队列剩 1026, 用时 30.0s
  [Plan] [model] 27 个动作: 可用 0(最大覆盖 []) / 状态相关 14 / 无效果 13 / 致死 0 / 样本不足 0
  [Plan] region_match((49, 61, 24, 36) 要等于 (47, 59, 11, 23)) 第1轮 [plan] 抽象层未解出(没有任何动作建成了常量覆盖表 —— 这个游戏的效果与状态有关, 抽象层用不上, 该回真机搜) | 展开 0 节点, h 最好 inf, 0.0s
  [Plan] region_match((49, 61, 24, 36) 要等于 (48, 60, 11, 23)) 第1轮 [plan] 抽象层未解出(没有任何动作建成了常量覆盖表 —— 这个游戏的效果与状态有关, 抽象层用不上, 该回真机搜) | 展开 0 节点, h 最好 inf, 0.0s
  [Plan] 真机最佳优先(region_match((49, 61, 24, 36) 要等于 (47, 59, 11, 23))) [search] 未解出(超时 30.0s, 最好的 h=125) | 扩展 294 节点, 见过 1374 状态, 最深 4 层, 队列剩 1080, 用时 30.0s
  [Plan] 真机最佳优先(region_match((49, 61, 24, 36) 要等于 (48, 60, 11, 23))) [search] 未解出(超时 30.0s, 最好的 h=132) | 扩展 293 节点, 见过 1370 状态, 最深 4 层, 队列剩 1077, 用时 30.0s
  sc25   过 0/6 关 | 步数 - | 92s 
INFO:arc_agi.scorecard:Initialized ScorecardManager with idle_for=0:15:00 and max_open_for=3 days, 0:00:00
2026-08-18 12:44:42 | INFO | Created new scorecard: a446906c-0b73-4f18-81eb-ea20a398a981
2026-08-18 12:44:42 | INFO | Found latest version of r11l: r11l-495a7899 (downloaded: 2026-08-07 09:20:41.476175+00:00)
2026-08-18 12:44:42 | INFO | Successfully loaded game class R11l from environment_files/r11l/495a7899/r11l.py
[agent] r11l 动作空间=click
[交接] L1 是第一关, 无可继承知识, 全部要探
  [ReAct] 实体 70 个, 动作预算 60(GAME_OVER(两种走法一致, 判定为硬动作预算))
  [ReAct] 因果目标假设 3 条, 首选 region_match((30, 32, 1, 2) 要等于 (0, 2, 0, 1)) 开局 h=6
  [Plan] BFS(语义掩码 380 格) [search] 解出, 3 步 | 扩展 66 节点, 见过 310 状态, 最深 3 层, 队列剩 244, 用时 2.9s
  ✅ 由「BFS 最短路(语义掩码)」解出
  沉淀: 目标假设 9 条, 见过颜色 7 种, 形状等价类 6 种
[交接] L2 与上一关的差异:
  🆕新增颜色 [10, 12] —— 新机制多半挂在这上面
  🆕新增形状等价类 10 种
  点击候选 38 -> 70
  ✅继承: 目标假设 color_count_match(色 1 的格数要等于色 15 的格数)(h=7); 目标假设 color_count(色 0 的格数达到 74)(h=2); 目标假设 color_count(色 1 的格数达到 31)(h=10)
  ❌作废: object_to_object(把 2行的块 移到 5行的块所在处) — 本关定位不到目标对象; object_to_object(把 2行的块 移到 52行的块所在处) — 本关定位不到目标对象; object_to_object(把 1行的块 移到 52行的块所在处) — 本关定位不到目标对象
  🔍待探(ReAct 的题目): 色10(582格, bbox=(22, 54, 1, 63)); 色12(35格, bbox=(6, 54, 8, 49)); 10 种没见过的形状
  [ReAct] 新增色10 所在区域受 15 个动作影响: ['A6(0,31)', 'A6(10,20)', 'A6(26,27)', 'A6(45,35)', 'A6(46,35)', 'A6(46,37)']
  [ReAct] 新增色12 所在区域受 40 个动作影响: ['A6(0,31)', 'A6(10,20)', 'A6(11,19)', 'A6(13,18)', 'A6(15,17)', 'A6(17,16)']
  [ReAct] 实体 84 个, 动作预算 20(单键=60(GAME_OVER) 轮换=20(GAME_OVER) — 步数不同, 与走法有关而非纯计步)
  [ReAct] 因果目标假设 6 条, 首选 region_match((33, 37, 43, 47) 要等于 (0, 4, 0, 4)) 开局 h=25
  [Plan] BFS(语义掩码 566 格) [search] 未解出(超时 15.0s) | 扩展 118 节点, 见过 1221 状态, 最深 2 层, 队列剩 1103, 用时 15.1s
  [Plan] BFS(最短) [search] 未解出(超时 30.0s) | 扩展 235 节点, 见过 3219 状态, 最深 2 层, 队列剩 2984, 用时 30.1s
  [Plan] 本关重新分槽 -> [factored] 2 个槽 大小=[28, 8], 独立动作 0 个, 无效 12, 致死 0 | 覆盖率 60% | 组合数约 261
  [Plan] [layers] 36 层 / 绘制顺序 [0, 1] | 留出 8 组: 整帧一致 0%, 逐格 0.9943 [不可用] 
  [Plan] 分层排序+真机验(region_match((33, 37, 43, 47) 要等于 (0, 4, 0, 4))) [layers] 分层规划未解出(排序后真机验了前 60 个 / 共 260 个组合, 实测最好 h=22(未验的 200 个)) | 枚举 260 个组合, h 最好 22, 0.10s
  [Plan] 分层排序+真机验(region_match((33, 37, 43, 47) 要等于 (1, 5, 0, 4))) [layers] 分层规划未解出(排序后真机验了前 60 个 / 共 260 个组合, 实测最好 h=23(未验的 200 个)) | 枚举 260 个组合, h 最好 23, 0.10s
  [Plan] [factored] 槽搜索未解出(超时 30.0s(其中 13378 个动作未分槽, 未剪枝)) | 走过 3346 个状态, 14800 次 fork, h 最好 inf, 30.0s
  [Plan] [model] 70 个动作: 可用 0(最大覆盖 []) / 状态相关 45 / 无效果 25 / 致死 0 / 样本不足 0
  [Plan] region_match((33, 37, 43, 47) 要等于 (0, 4, 0, 4)) 第1轮 [plan] 抽象层未解出(没有任何动作建成了常量覆盖表 —— 这个游戏的效果与状态有关, 抽象层用不上, 该回真机搜) | 展开 0 节点, h 最好 inf, 0.0s
  [Plan] region_match((33, 37, 43, 47) 要等于 (1, 5, 0, 4)) 第1轮 [plan] 抽象层未解出(没有任何动作建成了常量覆盖表 —— 这个游戏的效果与状态有关, 抽象层用不上, 该回真机搜) | 展开 0 节点, h 最好 inf, 0.0s
  [Plan] 真机最佳优先(region_match((33, 37, 43, 47) 要等于 (0, 4, 0, 4))) [search] 未解出(超时 30.0s, 最好的 h=23) | 扩展 222 节点, 见过 3078 状态, 最深 4 层, 队列剩 2856, 用时 30.0s
  [Plan] 真机最佳优先(region_match((33, 37, 43, 47) 要等于 (1, 5, 0, 4))) [search] 未解出(超时 30.0s, 最好的 h=23) | 扩展 217 节点, 见过 3640 状态, 最深 4 层, 队列剩 3423, 用时 30.0s
  r11l   过 1/6 关 | 步数 3/22 | 148s 
INFO:arc_agi.scorecard:Initialized ScorecardManager with idle_for=0:15:00 and max_open_for=3 days, 0:00:00
2026-08-18 12:47:11 | INFO | Created new scorecard: 1dd3dca2-bdb1-42ec-87b8-6e4b4d8a645e
2026-08-18 12:47:11 | INFO | Found latest version of ls20: ls20-9607627b (downloaded: 2026-08-06 14:41:01.255108+00:00)
2026-08-18 12:47:11 | INFO | Successfully loaded game class Ls20 from environment_files/ls20/9607627b/ls20.py
[agent] ls20 动作空间=keyboard
[交接] L1 是第一关, 无可继承知识, 全部要探
  [ReAct] 实体 5 个, 动作预算 129(单键=None(400 步内未死) 轮换=129(GAME_OVER) — 步数不同, 与走法有关而非纯计步)
  [ReAct] 因果目标假设 3 条, 首选 region_match((40, 49, 29, 48) 要等于 (25, 34, 33, 52)) 开局 h=55
  [Plan] BFS(语义掩码 200 格) [search] 未解出(队列穷尽(状态空间已封闭)) | 扩展 26 节点, 见过 26 状态, 最深 4 层, 队列剩 0, 用时 0.5s  ⚠️疑似假穷尽, 退回全屏重搜
  [Plan] BFS(最短) [search] 解出, 13 步 | 扩展 1199 节点, 见过 1464 状态, 最深 13 层, 队列剩 265, 用时 26.5s
  ✅ 由「BFS 最短路」解出
  沉淀: 目标假设 7 条, 见过颜色 9 种, 形状等价类 2 种
[交接] L2 与上一关的差异:
  点击候选 19 -> 24
  ✅继承: 目标假设 object_to_object(把 5行的块 移到 7行的块所在处)(h=5); 目标假设 color_count(色 3 的格数达到 919)(h=437); 目标假设 color_count(色 5 的格数达到 434)(h=5)
  ❌作废: object_to_object(把 5行的块 移到 9行的块所在处) — 本关定位不到目标对象; object_to_object(把 1行的块 移到 9行的块所在处) — 本关定位不到目标对象; object_to_object(把 2行的块 移到 30行的块所在处) — 本关定位不到目标对象
  [ReAct] 实体 4 个, 动作预算 66(GAME_OVER(两种走法一致, 判定为硬动作预算))
  [ReAct] 因果目标假设 6 条, 首选 region_match((35, 44, 29, 38) 要等于 (10, 19, 9, 18)) 开局 h=33
  [Plan] BFS(语义掩码 100 格) [search] 未解出(队列穷尽(状态空间已封闭)) | 扩展 14 节点, 见过 14 状态, 最深 5 层, 队列剩 0, 用时 0.3s  ⚠️疑似假穷尽, 退回全屏重搜
  [Plan] BFS(最短) [search] 未解出(超时 30.0s) | 扩展 1395 节点, 见过 1637 状态, 最深 19 层, 队列剩 242, 用时 30.0s
  [Plan] [model] 28 个动作: 可用 0(最大覆盖 []) / 状态相关 4 / 无效果 24 / 致死 0 / 样本不足 0
  [Plan] region_match((35, 44, 29, 38) 要等于 (10, 19, 9, 18)) 第1轮 [plan] 抽象层未解出(没有任何动作建成了常量覆盖表 —— 这个游戏的效果与状态有关, 抽象层用不上, 该回真机搜) | 展开 0 节点, h 最好 inf, 0.0s
  [Plan] region_match((35, 44, 29, 38) 要等于 (10, 19, 10, 19)) 第1轮 [plan] 抽象层未解出(没有任何动作建成了常量覆盖表 —— 这个游戏的效果与状态有关, 抽象层用不上, 该回真机搜) | 展开 0 节点, h 最好 inf, 0.0s
  [Plan] 真机最佳优先(region_match((35, 44, 29, 38) 要等于 (10, 19, 9, 18))) [search] 未解出(超时 30.0s, 最好的 h=11) | 扩展 1361 节点, 见过 1472 状态, 最深 21 层, 队列剩 111, 用时 30.0s
  [Plan] 真机最佳优先(region_match((35, 44, 29, 38) 要等于 (10, 19, 10, 19))) [search] 未解出(超时 30.0s, 最好的 h=11) | 扩展 1330 节点, 见过 1452 状态, 最深 21 层, 队列剩 122, 用时 30.0s
  ls20   过 1/7 关 | 步数 13/22 | 123s 
INFO:arc_agi.scorecard:Initialized ScorecardManager with idle_for=0:15:00 and max_open_for=3 days, 0:00:00
2026-08-18 12:49:14 | INFO | Created new scorecard: 9ba029f2-3d9a-4011-a958-67628b70d9b6
2026-08-18 12:49:14 | INFO | Found latest version of tr87: tr87-cd924810 (downloaded: 2026-08-07 09:21:35.807251+00:00)
2026-08-18 12:49:14 | INFO | Successfully loaded game class Tr87 from environment_files/tr87/cd924810/tr87.py
[agent] tr87 动作空间=keyboard
[交接] L1 是第一关, 无可继承知识, 全部要探
  [ReAct] 实体 6 个, 动作预算 128(GAME_OVER(两种走法一致, 判定为硬动作预算))
  [ReAct] 因果目标假设 12 条, 首选 region_match((48, 60, 15, 33) 要等于 (34, 46, 0, 18)) 开局 h=159
  [Plan] BFS(语义掩码 247 格) [search] 未解出(超时 15.0s) | 扩展 1398 节点, 见过 2324 状态, 最深 8 层, 队列剩 926, 用时 15.0s
  [Plan] BFS(最短) [search] 未解出(超时 30.0s) | 扩展 2669 节点, 见过 6605 状态, 最深 7 层, 队列剩 3936, 用时 30.0s
  [Plan] 本关重新分槽 -> [factored] 0 个槽 大小=[], 独立动作 4 个, 无效 44, 致死 0 | 覆盖率 0% | 组合数约 5
  [Plan] [layers] 4 层 / 绘制顺序 [0, 1, 2, 3] | 留出 6 组: 整帧一致 0%, 逐格 0.9972 [不可用] 
  [Plan] 分层排序+真机验(region_match((48, 60, 15, 33) 要等于 (34, 46, 0, 18))) [layers] 分层规划未解出(排序后真机验了前 15 个 / 共 15 个组合, 实测最好 h=145(未验的 0 个)) | 枚举 15 个组合, h 最好 145, 0.05s
  [Plan] 分层排序+真机验(region_match((48, 60, 15, 33) 要等于 (34, 46, 1, 19))) [layers] 分层规划未解出(排序后真机验了前 15 个 / 共 15 个组合, 实测最好 h=149(未验的 0 个)) | 枚举 15 个组合, h 最好 149, 0.04s
  [Plan] [factored] 槽搜索未解出(组合已穷尽(其中 1991 个动作未分槽, 未剪枝)) | 走过 31 个状态, 2037 次 fork, h 最好 inf, 4.9s
  [Plan] [model] 67 个动作: 可用 0(最大覆盖 []) / 状态相关 4 / 无效果 63 / 致死 0 / 样本不足 0
  [Plan] region_match((48, 60, 15, 33) 要等于 (34, 46, 0, 18)) 第1轮 [plan] 抽象层未解出(没有任何动作建成了常量覆盖表 —— 这个游戏的效果与状态有关, 抽象层用不上, 该回真机搜) | 展开 0 节点, h 最好 inf, 0.0s
  [Plan] region_match((48, 60, 15, 33) 要等于 (34, 46, 1, 19)) 第1轮 [plan] 抽象层未解出(没有任何动作建成了常量覆盖表 —— 这个游戏的效果与状态有关, 抽象层用不上, 该回真机搜) | 展开 0 节点, h 最好 inf, 0.0s
  [Plan] 真机最佳优先(region_match((48, 60, 15, 33) 要等于 (34, 46, 0, 18))) [search] 未解出(超时 30.0s, 最好的 h=146) | 扩展 2513 节点, 见过 4409 状态, 最深 13 层, 队列剩 1896, 用时 30.0s
  [Plan] 真机最佳优先(region_match((48, 60, 15, 33) 要等于 (34, 46, 1, 19))) [search] 未解出(超时 30.0s, 最好的 h=150) | 扩展 2558 节点, 见过 4473 状态, 最深 13 层, 队列剩 1915, 用时 30.0s
  tr87   过 0/6 关 | 步数 - | 114s 

合计: **5/37 关**, 总耗时 760s
已存 results/bench_20260818_1251.json
