=== sb26 裸跑 ===
人类基准逐关 = [18, 28, 18, 19, 31, 23, 58, 18] (合计 213)
tags = ['keyboard_click']
INFO:arc_agi.scorecard:Initialized ScorecardManager with idle_for=0:15:00 and max_open_for=3 days, 0:00:00
2026-08-20 21:27:06 | INFO | Created new scorecard: 4f838eba-1e3a-484d-815e-68425168cd9a
2026-08-20 21:27:06 | INFO | Found latest version of sb26: sb26-7fbdac44 (downloaded: 2026-08-20 13:26:45.354741+00:00)
2026-08-20 21:27:06 | INFO | Successfully loaded game class Sb26 from environment_files/sb26/7fbdac44/sb26.py
[agent] sb26 动作空间=keyboard_click
[交接] L1 是第一关, 无可继承知识, 全部要探
  [ReAct] 实体 4 个, 动作预算 64(单键=64(GAME_OVER) 轮换=316(GAME_OVER) — 步数不同, 与走法有关而非纯计步)
  [ReAct] 因果目标假设 12 条, 首选 region_match((56, 61, 17, 46) 要等于 (0, 5, 16, 45)) 开局 h=174
  [Plan] BFS(语义掩码 181 格) [search] 未解出(超时 22.5s) | 扩展 445 节点, 见过 715 状态, 最深 9 层, 队列剩 270, 用时 22.5s
  [Plan] BFS(最短) [search] 未解出(超时 45.0s) | 扩展 868 节点, 见过 2358 状态, 最深 5 层, 队列剩 1490, 用时 45.0s
  [Plan] 本关重新分槽 -> [factored] 1 个槽 大小=[4], 独立动作 1 个, 无效 19, 致死 0 | 覆盖率 80% | 组合数约 10
  [Plan] [layers] 5 层 / 绘制顺序 [0, 1] | 留出 4 组: 整帧一致 0%, 逐格 0.9951 [不可用] 
  [Plan] 分层排序+真机验(region_match((56, 61, 17, 46) 要等于 (0, 5, 16, 45))) [layers] 分层规划未解出(排序后真机验了前 9 个 / 共 9 个组合, 实测最好 h=174(未验的 0 个)) | 枚举 9 个组合, h 最好 174, 0.02s
  [Plan] 分层排序+真机验(region_match((56, 61, 17, 46) 要等于 (0, 5, 17, 46))) [layers] 分层规划未解出(排序后真机验了前 9 个 / 共 9 个组合, 实测最好 h=174(未验的 0 个)) | 枚举 9 个组合, h 最好 174, 0.02s
  [Plan] [factored] 槽搜索未解出(超 fork 上限 20000) | 走过 949 个状态, 20014 次 fork, h 最好 inf, 40.7s
  [Plan] [model] 24 个动作: 可用 0(最大覆盖 []) / 状态相关 0 / 无效果 0 / 致死 0 / 样本不足 24
  [Plan] region_match((56, 61, 17, 46) 要等于 (0, 5, 16, 45)) 第1轮 [plan] 抽象层未解出(没有任何动作建成了常量覆盖表 —— 这个游戏的效果与状态有关, 抽象层用不上, 该回真机搜) | 展开 0 节点, h 最好 inf, 0.0s
  [Plan] region_match((56, 61, 17, 46) 要等于 (0, 5, 17, 46)) 第1轮 [plan] 抽象层未解出(没有任何动作建成了常量覆盖表 —— 这个游戏的效果与状态有关, 抽象层用不上, 该回真机搜) | 展开 0 节点, h 最好 inf, 0.0s
  [Plan] 真机最佳优先(region_match((56, 61, 17, 46) 要等于 (0, 5, 16, 45))) [search] 未解出(超时 120.0s, 最好的 h=160) | 扩展 2220 节点, 见过 6078 状态, 最深 25 层, 队列剩 3858, 用时 120.0s
  [Plan] 真机最佳优先(region_match((56, 61, 17, 46) 要等于 (0, 5, 17, 46))) [search] 未解出(超时 120.0s, 最好的 h=160) | 扩展 2179 节点, 见过 5779 状态, 最深 25 层, 队列剩 3600, 用时 120.0s
=== sb26 ===
 ✗ L1: 0 步 (人类 18) 349.6s
 通关 0/1 | AI 0 步 vs 人类 0 步
 **人工介入次数 = 0**
总耗时 350s
