人类基准逐关 = [22, 33, 51, 26, 52, 49] (合计 233)
INFO:arc_agi.scorecard:Initialized ScorecardManager with idle_for=0:15:00 and max_open_for=3 days, 0:00:00
2026-08-12 17:38:21 | INFO | Created new scorecard: 60974707-1f9e-415d-99a6-c78b0a50721d
2026-08-12 17:38:21 | INFO | Found latest version of r11l: r11l-495a7899 (downloaded: 2026-08-07 09:20:41.476175+00:00)
2026-08-12 17:38:21 | INFO | Successfully loaded game class R11l from environment_files/r11l/495a7899/r11l.py
[run] r11l 动作空间=click keys=[] clicks=[6]
L1 实体 70 个: 实体 bbox=(30, 47, 1, 14) 21格 受 1 个动作影响 ['A6(0,31)'] 角色=unknown | 实体 bbox=(21, 52, 28, 36) 16格 受 2 个动作影响 ['A6(36,20)', 'A6(36,22)'] 角色=unknown | 实体 bbox=(36, 48, 7, 19) 15格 受 28 个动作影响 ['A6(0,31)', 'A6(10,39)', 'A6(11,40)', 'A6(12,41)', 'A6(13,43)'] 角色=unknown | 实体 bbox=(0, 38, 0, 9) 13格 受 30 个动作影响 ['A6(0,31)', 'A6(10,39)', 'A6(11,40)', 'A6(12,41)', 'A6(13,43)'] 角色=unknown
L1 [model] 38 个动作: 可用 23(最大覆盖 [220, 219, 217]) / 状态相关 10 / 无效果 5 / 致死 0 / 样本不足 0
L1: [search] 解出, 3 步 | 扩展 65 节点, 见过 309 状态, 最深 3 层, 队列剩 244, 用时 3.1s
L1 回流: 样本 1 个 -> 通过梯度检验的假设 6 条; color_count_match(色 1 的格数要等于色 15 的格数)
L2 实体 84 个: 实体 bbox=(6, 19, 11, 45) 30格 受 28 个动作影响 ['A6(0,31)', 'A6(11,19)', 'A6(13,18)', 'A6(15,17)', 'A6(17,16)'] 角色=unknown | 实体 bbox=(12, 32, 1, 41) 30格 受 1 个动作影响 ['A6(0,31)'] 角色=unknown | 实体 bbox=(19, 29, 22, 29) 28格 受 1 个动作影响 ['A6(26,27)'] 角色=unknown | 实体 bbox=(18, 22, 31, 57) 15格 受 2 个动作影响 ['A6(56,21)', 'A6(58,21)'] 角色=unknown
L2 ⚠️可用假设 6 条, 只试前 3 条, 其余未试: color_count(色 5 的格数达到 3309); color_count(色 15 的格数达到 31); object_reach(把某 1行形状 移到 (19, 41))
L2 [model] 70 个动作: 可用 0(最大覆盖 []) / 状态相关 45 / 无效果 25 / 致死 0 / 样本不足 0
L2 试假设 color_count_match(色 1 的格数要等于色 15 的格数) [起始 h=7] [证据 100%; L1: 17->0 有下降]
L2   [plan] 抽象层未解出(没有任何动作建成了常量覆盖表 —— 这个游戏的效果与状态有关, 抽象层用不上, 该回真机搜) | 展开 0 节点, h 最好 inf, 0.0s
L2   -> [search] 未解出(超时 180.0s, 最好的 h=2) | 扩展 1501 节点, 见过 27110 状态, 最深 5 层, 队列剩 25609, 用时 180.1s
L2 试假设 color_count(色 0 的格数达到 74) [起始 h=2] [证据 100%; L1: 2->0 有下降 ⚠️绝对型, 参数是上一关的常数]
L2   [plan] 抽象层未解出(没有任何动作建成了常量覆盖表 —— 这个游戏的效果与状态有关, 抽象层用不上, 该回真机搜) | 展开 0 节点, h 最好 inf, 0.0s
L2   -> [search] 未解出(超时 180.0s, 最好的 h=1) | 扩展 1445 节点, 见过 19795 状态, 最深 3 层, 队列剩 18350, 用时 180.0s
L2 试假设 color_count(色 1 的格数达到 31) [起始 h=10] [证据 100%; L1: 14->0 有下降 ⚠️绝对型, 参数是上一关的常数]
L2   [plan] 抽象层未解出(没有任何动作建成了常量覆盖表 —— 这个游戏的效果与状态有关, 抽象层用不上, 该回真机搜) | 展开 0 节点, h 最好 inf, 0.0s
L2   -> [search] 未解出(超时 180.0s, 最好的 h=3) | 扩展 1477 节点, 见过 25982 状态, 最深 6 层, 队列剩 24505, 用时 180.0s
============================================================
【harness 卡住, 请求人工给一条谓词族假设】
============================================================
[probe] r11l L1 动作空间=click
  易变格(已掩蔽, 疑似HUD/计时器): [(0, 0), (1, 0), (2, 0), (3, 0), (4, 0), (5, 0), (6, 0)]
  A6(0,31): 变142格 bbox=(4, 32, 1, 47)
  A6(4,6): 无效(帧无变化)
  A6(15,0): 无效(帧无变化)
  A6(37,0): 无效(帧无变化)
  A6(56,2): 无效(帧无变化)
  A6(18,6): 无效(帧无变化)
  A6(17,6): 无效(帧无变化)
  A6(50,9): 变24格 bbox=(4, 11, 15, 51)
  A6(19,8): 无效(帧无变化)
  A6(20,9): 变78格 bbox=(4, 20, 11, 45)
  A6(45,9): 变123格 bbox=(4, 20, 11, 47)
  A6(49,9): 变24格 bbox=(4, 11, 15, 51)
  A6(22,10): 变88格 bbox=(4, 20, 11, 46)
  A6(25,12): 变106格 bbox=(4, 20, 11, 46)
  A6(40,10): 变120格 bbox=(4, 20, 11, 46)
  A6(32,11): 变114格 bbox=(4, 20, 11, 46)
  A6(24,12): 变107格 bbox=(4, 20, 11, 46)
  A6(27,12): 变116格 bbox=(4, 20, 11, 46)
  A6(20,14): 变104格 bbox=(4, 20, 11, 46)
  A6(18,15): 变116格 bbox=(4, 20, 11, 46)
  A6(56,15): 变150格 bbox=(4, 20, 10, 58)
  A6(58,15): 变151格 bbox=(4, 20, 10, 60)
  A6(17,16): 变115格 bbox=(4, 20, 11, 46)
  A6(55,16): 变149格 bbox=(4, 20, 10, 57)
  A6(59,16): 变151格 bbox=(4, 20, 10, 61)
  A6(15,17): 变116格 bbox=(4, 20, 11, 46)
  A6(54,17): 变148格 bbox=(4, 20, 10, 56)
  A6(60,17): 变152格 bbox=(4, 20, 10, 62)
  A6(13,18): 变125格 bbox=(4, 20, 11, 47)
  A6(9,21): 变24格 bbox=(4, 23, 6, 19)
  A6(11,19): 变125格 bbox=(4, 21, 9, 47)
  A6(54,19): 变148格 bbox=(4, 21, 10, 56)
  A6(60,19): 变152格 bbox=(4, 21, 10, 62)
  A6(10,20): 变24格 bbox=(4, 23, 6, 19)
  A6(55,20): 变149格 bbox=(4, 22, 10, 57)
  A6(59,20): 变151格 bbox=(4, 22, 10, 61)
  A6(8,21): 变24格 bbox=(4, 23, 6, 19)
  A6(56,21): 变150格 bbox=(4, 23, 10, 58)
  A6(58,21): 变150格 bbox=(4, 23, 10, 60)
  A6(26,27): 变139格 bbox=(4, 29, 10, 47)
  A6(57,38): 无效(帧无变化)
  A6(14,43): 无效(帧无变化)
  A6(46,35): 变24格 bbox=(4, 37, 15, 47)
  A6(45,35): 变24格 bbox=(4, 37, 15, 47)
  A6(46,37): 变24格 bbox=(4, 37, 15, 47)
  A6(47,38): 无效(帧无变化)
  A6(50,41): 无效(帧无变化)
  A6(49,41): 无效(帧无变化)
  A6(11,53): 无效(帧无变化)
  A6(51,44): 无效(帧无变化)
  A6(52,45): 无效(帧无变化)
  A6(53,46): 变24格 bbox=(4, 50, 15, 56)
  A6(55,48): 变24格 bbox=(4, 50, 15, 56)
  A6(39,48): 无效(帧无变化)
  A6(41,48): 无效(帧无变化)
  A6(54,48): 变24格 bbox=(4, 50, 15, 56)
  A6(59,59): 无效(帧无变化)
  A6(38,49): 无效(帧无变化)
  A6(42,49): 无效(帧无变化)
  A6(37,50): 无效(帧无变化)
  A6(43,50): 无效(帧无变化)
  A6(37,52): 无效(帧无变化)
  A6(43,52): 无效(帧无变化)
  A6(38,53): 无效(帧无变化)
  A6(42,53): 无效(帧无变化)
  A6(39,54): 无效(帧无变化)
  A6(41,54): 无效(帧无变化)
  A6(16,47): 无效(帧无变化)
  A6(48,9): 变24格 bbox=(4, 11, 15, 51)
  A6(63,47): 无效(帧无变化)
  动作预算: 20 步后 单键=60(GAME_OVER) 轮换=20(GAME_OVER) — 步数不同, 与走法有关而非纯计步
  幂等动作(按第二次无反应): A6(0,31), A6(50,9), A6(20,9), A6(45,9), A6(49,9), A6(22,10), A6(25,12), A6(40,10), A6(32,11), A6(24,12), A6(27,12), A6(20,14), A6(18,15), A6(56,15), A6(58,15), A6(17,16), A6(55,16), A6(59,16), A6(15,17), A6(54,17), A6(60,17), A6(13,18), A6(9,21), A6(11,19), A6(54,19), A6(60,19), A6(10,20), A6(55,20), A6(59,20), A6(8,21), A6(56,21), A6(58,21), A6(26,27), A6(46,35), A6(45,35), A6(46,37), A6(53,46), A6(55,48), A6(54,48), A6(48,9)
  含动画序列(引擎返回多层帧): {'A6(0,31)': 2, 'A6(20,9)': 2, 'A6(45,9)': 2, 'A6(22,10)': 2, 'A6(25,12)': 2, 'A6(40,10)': 2, 'A6(32,11)': 2, 'A6(24,12)': 2, 'A6(27,12)': 2, 'A6(20,14)': 2, 'A6(18,15)': 2, 'A6(56,15)': 2, 'A6(58,15)': 2, 'A6(17,16)': 2, 'A6(55,16)': 2, 'A6(59,16)': 2, 'A6(15,17)': 2, 'A6(54,17)': 2, 'A6(60,17)': 2, 'A6(13,18)': 2, 'A6(11,19)': 2, 'A6(54,19)': 2, 'A6(60,19)': 2, 'A6(55,20)': 2, 'A6(59,20)': 2, 'A6(56,21)': 2, 'A6(58,21)': 2, 'A6(26,27)': 2}
[percept] 背景色=5 同色块=67 非背景块=50 点击候选=70
  杂色块 9 个(同色分割会切碎它们): (0, 63, 0, 28)尺寸64x29色(0, 2, 10), (4, 8, 15, 19)尺寸5x5色(0, 12), (7, 11, 45, 51)尺寸5x7色(1, 3, 12), (10, 14, 22, 28)尺寸5x7色(1, 6, 12)
  形状等价类 14 种, 最常见的出现 29 次
    块 bbox=(0, 63, 0, 28) 64x29 格数=653 色=(0, 2, 10)
    块 bbox=(29, 63, 47, 63) 35x17 格数=275 色=(2, 10)
    块 bbox=(22, 32, 14, 38) 11x25 格数=164 色=(10,)
    块 bbox=(0, 5, 49, 63) 6x15 格数=56 色=(2,)
    块 bbox=(10, 14, 22, 28) 5x7 格数=24 色=(1, 6, 12)
    块 bbox=(0, 1, 10, 20) 2x11 格数=22 色=(2,)
    块 bbox=(39, 43, 47, 51) 5x5 格数=21 色=(6, 15)
    块 bbox=(7, 11, 45, 51) 5x7 格数=15 色=(1, 3, 12)
[search] 未解出(超时 180.0s, 最好的 h=3) | 扩展 1477 节点, 见过 25982 状态, 最深 6 层, 队列剩 24505, 用时 180.0s

[hypo] 通关样本 1 个, 自动拟合出 6 条候选:
    - color_count_match(色 1 的格数要等于色 15 的格数)
    - color_count(色 0 的格数达到 74)
    - color_count(色 1 的格数达到 31)
    - color_count(色 5 的格数达到 3309)
    - color_count(色 15 的格数达到 31)
    - object_reach(把某 1行形状 移到 (19, 41))

可选族: submit_match, object_to_object, color_count_match, object_reach, region_match, color_count, color_appear
请回一行: <族名> <参数>   (回不上来才用逃生舱, 逃生舱会单独计数)
============================================================
[percept] 实体登记:
    实体 bbox=(6, 19, 11, 45) 30格 受 28 个动作影响 ['A6(0,31)', 'A6(11,19)', 'A6(13,18)', 'A6(15,17)', 'A6(17,16)'] 角色=unknown
    实体 bbox=(12, 32, 1, 41) 30格 受 1 个动作影响 ['A6(0,31)'] 角色=unknown
    实体 bbox=(19, 29, 22, 29) 28格 受 1 个动作影响 ['A6(26,27)'] 角色=unknown
    实体 bbox=(18, 22, 31, 57) 15格 受 2 个动作影响 ['A6(56,21)', 'A6(58,21)'] 角色=unknown
    实体 bbox=(0, 8, 0, 19) 13格 受 40 个动作影响 ['A6(0,31)', 'A6(10,20)', 'A6(11,19)', 'A6(13,18)', 'A6(15,17)'] 角色=unknown
    实体 bbox=(7, 11, 47, 51) 12格 受 3 个动作影响 ['A6(48,9)', 'A6(49,9)', 'A6(50,9)'] 角色=unknown
    实体 bbox=(19, 23, 6, 10) 12格 受 3 个动作影响 ['A6(10,20)', 'A6(8,21)', 'A6(9,21)'] 角色=unknown
    实体 bbox=(33, 37, 43, 47) 12格 受 3 个动作影响 ['A6(45,35)', 'A6(46,35)', 'A6(46,37)'] 角色=unknown
    实体 bbox=(46, 50, 52, 56) 12格 受 3 个动作影响 ['A6(53,46)', 'A6(54,48)', 'A6(55,48)'] 角色=unknown
    实体 bbox=(17, 19, 46, 62) 9格 受 1 个动作影响 ['A6(60,19)'] 角色=unknown
    实体 bbox=(7, 11, 18, 21) 7格 受 1 个动作影响 ['A6(20,9)'] 角色=unknown
    实体 bbox=(7, 15, 34, 46) 7格 受 1 个动作影响 ['A6(45,9)'] 角色=unknown
    实体 bbox=(14, 15, 49, 57) 7格 受 2 个动作影响 ['A6(56,15)', 'A6(58,15)'] 角色=unknown
    实体 bbox=(15, 17, 36, 39) 7格 受 12 个动作影响 ['A6(54,17)', 'A6(54,19)', 'A6(55,16)', 'A6(55,20)', 'A6(56,15)'] 角色=unknown
    实体 bbox=(18, 23, 35, 56) 7格 受 1 个动作影响 ['A6(56,21)'] 角色=unknown
    实体 bbox=(9, 12, 23, 46) 6格 受 27 个动作影响 ['A6(0,31)', 'A6(11,19)', 'A6(13,18)', 'A6(15,17)', 'A6(17,16)'] 角色=unknown
    实体 bbox=(16, 17, 43, 53) 6格 受 1 个动作影响 ['A6(54,17)'] 角色=unknown
    实体 bbox=(17, 19, 42, 55) 6格 受 3 个动作影响 ['A6(54,19)', 'A6(55,20)', 'A6(59,20)'] 角色=unknown
    实体 bbox=(8, 15, 31, 41) 5格 受 1 个动作影响 ['A6(40,10)'] 角色=unknown
    实体 bbox=(13, 23, 34, 58) 5格 受 1 个动作影响 ['A6(58,21)'] 角色=unknown
    实体 bbox=(11, 17, 20, 42) 4格 受 10 个动作影响 ['A6(11,19)', 'A6(13,18)', 'A6(15,17)', 'A6(17,16)', 'A6(18,15)'] 角色=unknown
    实体 bbox=(9, 10, 31, 33) 4格 受 1 个动作影响 ['A6(32,11)'] 角色=unknown
    实体 bbox=(12, 13, 19, 21) 4格 受 1 个动作影响 ['A6(20,14)'] 角色=unknown
    实体 bbox=(15, 15, 46, 58) 4格 受 3 个动作影响 ['A6(56,15)', 'A6(58,15)', 'A6(59,16)'] 角色=unknown
    实体 bbox=(16, 17, 46, 55) 4格 受 3 个动作影响 ['A6(54,17)', 'A6(55,16)', 'A6(60,17)'] 角色=unknown
    实体 bbox=(17, 19, 9, 11) 4格 受 1 个动作影响 ['A6(11,19)'] 角色=unknown
    实体 bbox=(17, 18, 44, 51) 4格 受 3 个动作影响 ['A6(54,19)', 'A6(59,20)', 'A6(60,19)'] 角色=unknown
    实体 bbox=(18, 19, 24, 30) 4格 受 3 个动作影响 ['A6(26,27)', 'A6(56,21)', 'A6(58,21)'] 角色=unknown
    实体 bbox=(11, 11, 25, 35) 3格 受 26 个动作影响 ['A6(0,31)', 'A6(11,19)', 'A6(13,18)', 'A6(15,17)', 'A6(17,16)'] 角色=unknown
    实体 bbox=(20, 21, 12, 21) 3格 受 2 个动作影响 ['A6(0,31)', 'A6(26,27)'] 角色=unknown
    实体 bbox=(9, 10, 20, 22) 3格 受 2 个动作影响 ['A6(20,9)', 'A6(22,10)'] 角色=unknown
    实体 bbox=(11, 19, 14, 41) 3格 受 12 个动作影响 ['A6(11,19)', 'A6(13,18)', 'A6(15,17)', 'A6(17,16)', 'A6(18,15)'] 角色=unknown
    实体 bbox=(12, 16, 23, 38) 3格 受 8 个动作影响 ['A6(11,19)', 'A6(13,18)', 'A6(15,17)', 'A6(17,16)', 'A6(18,15)'] 角色=unknown
    实体 bbox=(12, 17, 22, 39) 3格 受 3 个动作影响 ['A6(11,19)', 'A6(13,18)', 'A6(45,9)'] 角色=unknown
    实体 bbox=(8, 11, 21, 23) 3格 受 1 个动作影响 ['A6(22,10)'] 角色=unknown
    实体 bbox=(14, 17, 19, 29) 3格 受 10 个动作影响 ['A6(11,19)', 'A6(13,18)', 'A6(15,17)', 'A6(17,16)', 'A6(18,15)'] 角色=unknown
    实体 bbox=(14, 15, 16, 17) 3格 受 2 个动作影响 ['A6(17,16)', 'A6(18,15)'] 角色=unknown
    实体 bbox=(15, 15, 42, 44) 3格 受 5 个动作影响 ['A6(55,16)', 'A6(56,15)', 'A6(58,15)', 'A6(59,16)', 'A6(60,17)'] 角色=unknown
    实体 bbox=(14, 16, 58, 59) 3格 受 2 个动作影响 ['A6(58,15)', 'A6(59,16)'] 角色=unknown
    实体 bbox=(15, 17, 58, 60) 3格 受 3 个动作影响 ['A6(58,15)', 'A6(59,16)', 'A6(60,17)'] 角色=unknown
    实体 bbox=(16, 16, 49, 54) 3格 受 4 个动作影响 ['A6(54,17)', 'A6(55,16)', 'A6(59,16)', 'A6(60,17)'] 角色=unknown
    实体 bbox=(16, 16, 50, 52) 3格 受 3 个动作影响 ['A6(55,16)', 'A6(59,16)', 'A6(60,17)'] 角色=unknown
    实体 bbox=(16, 17, 59, 61) 3格 受 2 个动作影响 ['A6(59,16)', 'A6(60,17)'] 角色=unknown
    实体 bbox=(16, 18, 41, 61) 3格 受 2 个动作影响 ['A6(60,17)', 'A6(60,19)'] 角色=unknown
    实体 bbox=(17, 17, 57, 62) 3格 受 1 个动作影响 ['A6(60,17)'] 角色=unknown
    实体 bbox=(17, 17, 33, 43) 3格 受 4 个动作影响 ['A6(54,19)', 'A6(55,20)', 'A6(59,20)', 'A6(60,19)'] 角色=unknown
    实体 bbox=(19, 21, 58, 60) 3格 受 3 个动作影响 ['A6(58,21)', 'A6(59,20)', 'A6(60,19)'] 角色=unknown
    实体 bbox=(19, 20, 59, 61) 3格 受 2 个动作影响 ['A6(59,20)', 'A6(60,19)'] 角色=unknown
    实体 bbox=(18, 19, 45, 50) 3格 受 2 个动作影响 ['A6(55,20)', 'A6(58,21)'] 角色=unknown
    实体 bbox=(20, 22, 55, 56) 3格 受 2 个动作影响 ['A6(55,20)', 'A6(56,21)'] 角色=unknown
    实体 bbox=(20, 22, 58, 59) 3格 受 2 个动作影响 ['A6(58,21)', 'A6(59,20)'] 角色=unknown
    实体 bbox=(11, 12, 42, 44) 2格 受 5 个动作影响 ['A6(0,31)', 'A6(26,27)', 'A6(54,17)', 'A6(55,16)', 'A6(56,15)'] 角色=unknown
    实体 bbox=(12, 15, 32, 40) 2格 受 2 个动作影响 ['A6(0,31)', 'A6(40,10)'] 角色=unknown
    实体 bbox=(13, 16, 31, 37) 2格 受 6 个动作影响 ['A6(0,31)', 'A6(54,17)', 'A6(55,16)', 'A6(56,15)', 'A6(58,15)'] 角色=unknown
    实体 bbox=(14, 15, 33, 34) 2格 受 3 个动作影响 ['A6(0,31)', 'A6(40,10)', 'A6(45,9)'] 角色=unknown
    实体 bbox=(17, 17, 27, 28) 2格 受 8 个动作影响 ['A6(0,31)', 'A6(26,27)', 'A6(54,17)', 'A6(55,16)', 'A6(56,15)'] 角色=unknown
    实体 bbox=(19, 19, 21, 22) 2格 受 7 个动作影响 ['A6(0,31)', 'A6(54,19)', 'A6(55,20)', 'A6(56,21)', 'A6(58,21)'] 角色=unknown
    实体 bbox=(19, 20, 17, 23) 2格 受 6 个动作影响 ['A6(0,31)', 'A6(26,27)', 'A6(56,21)', 'A6(58,21)', 'A6(59,20)'] 角色=unknown
    实体 bbox=(20, 20, 14, 15) 2格 受 14 个动作影响 ['A6(0,31)', 'A6(26,27)', 'A6(54,17)', 'A6(54,19)', 'A6(55,16)'] 角色=unknown
    实体 bbox=(12, 12, 30, 31) 2格 受 4 个动作影响 ['A6(20,9)', 'A6(22,10)', 'A6(32,11)', 'A6(40,10)'] 角色=unknown
    实体 bbox=(14, 14, 26, 27) 2格 受 10 个动作影响 ['A6(15,17)', 'A6(17,16)', 'A6(18,15)', 'A6(20,14)', 'A6(20,9)'] 角色=unknown
    实体 bbox=(11, 15, 28, 30) 2格 受 2 个动作影响 ['A6(27,12)', 'A6(32,11)'] 角色=unknown
    实体 bbox=(14, 14, 18, 19) 2格 受 2 个动作影响 ['A6(18,15)', 'A6(20,14)'] 角色=unknown
    实体 bbox=(13, 14, 56, 56) 2格 受 1 个动作影响 ['A6(56,15)'] 角色=unknown
    实体 bbox=(15, 16, 45, 57) 2格 受 4 个动作影响 ['A6(55,16)', 'A6(56,15)', 'A6(58,15)', 'A6(59,16)'] 角色=unknown
    实体 bbox=(15, 15, 55, 56) 2格 受 3 个动作影响 ['A6(55,16)', 'A6(56,15)', 'A6(58,15)'] 角色=unknown
    实体 bbox=(16, 16, 33, 34) 2格 受 7 个动作影响 ['A6(26,27)', 'A6(54,17)', 'A6(55,16)', 'A6(56,15)', 'A6(58,15)'] 角色=unknown
    实体 bbox=(11, 17, 39, 46) 2格 受 9 个动作影响 ['A6(54,19)', 'A6(55,20)', 'A6(56,21)', 'A6(58,15)', 'A6(58,21)'] 角色=unknown
    实体 bbox=(13, 14, 58, 58) 2格 受 1 个动作影响 ['A6(58,15)'] 角色=unknown
    实体 bbox=(16, 16, 15, 16) 2格 受 2 个动作影响 ['A6(15,17)', 'A6(17,16)'] 角色=unknown
    实体 bbox=(15, 16, 14, 15) 2格 受 1 个动作影响 ['A6(15,17)'] 角色=unknown
    实体 bbox=(17, 17, 13, 14) 2格 受 2 个动作影响 ['A6(13,18)', 'A6(15,17)'] 角色=unknown
    实体 bbox=(18, 18, 53, 54) 2格 受 3 个动作影响 ['A6(54,17)', 'A6(54,19)', 'A6(60,19)'] 角色=unknown
    实体 bbox=(17, 18, 26, 31) 2格 受 6 个动作影响 ['A6(26,27)', 'A6(54,19)', 'A6(55,20)', 'A6(59,20)', 'A6(60,17)'] 角色=unknown
    实体 bbox=(16, 17, 12, 13) 2格 受 1 个动作影响 ['A6(13,18)'] 角色=unknown
    实体 bbox=(18, 18, 11, 12) 2格 受 2 个动作影响 ['A6(11,19)', 'A6(13,18)'] 角色=unknown
    实体 bbox=(17, 18, 35, 38) 2格 受 6 个动作影响 ['A6(54,19)', 'A6(55,20)', 'A6(56,21)', 'A6(58,21)', 'A6(59,20)'] 角色=unknown
    实体 bbox=(18, 18, 27, 28) 2格 受 7 个动作影响 ['A6(26,27)', 'A6(54,19)', 'A6(55,20)', 'A6(56,21)', 'A6(58,21)'] 角色=unknown
    实体 bbox=(18, 20, 36, 53) 2格 受 4 个动作影响 ['A6(54,19)', 'A6(55,20)', 'A6(56,21)', 'A6(58,21)'] 角色=unknown
    实体 bbox=(18, 19, 49, 53) 2格 受 2 个动作影响 ['A6(54,19)', 'A6(59,20)'] 角色=unknown
    实体 bbox=(20, 21, 54, 55) 2格 受 3 个动作影响 ['A6(54,19)', 'A6(55,20)', 'A6(56,21)'] 角色=unknown
    实体 bbox=(12, 18, 39, 45) 2格 受 4 个动作影响 ['A6(56,21)', 'A6(58,21)', 'A6(59,20)', 'A6(60,19)'] 角色=unknown
    实体 bbox=(14, 18, 40, 42) 2格 受 3 个动作影响 ['A6(56,21)', 'A6(58,21)', 'A6(60,19)'] 角色=unknown
    实体 bbox=(18, 21, 44, 56) 2格 受 3 个动作影响 ['A6(55,20)', 'A6(56,21)', 'A6(58,21)'] 角色=unknown
L2: [search] 未解出(超时 180.0s, 最好的 h=3) | 扩展 1477 节点, 见过 25982 状态, 最深 6 层, 队列剩 24505, 用时 180.0s
=== r11l ===
 ✓ L1: 3 步 (人类 22) RHAE=115.0% 4.2s
 ✗ L2: 0 步 (人类 33) 609.0s
 通关 1/2 | AI 3 步 vs 人类 22 步
 **人工介入次数 = 0**
总耗时 613s
INFO:arc_agi.scorecard:Initialized ScorecardManager with idle_for=0:15:00 and max_open_for=3 days, 0:00:00
2026-08-12 17:48:34 | INFO | Created new scorecard: 24b3c68c-327a-4920-83c3-8b3a10fe20e7
2026-08-12 17:48:34 | INFO | Found latest version of r11l: r11l-495a7899 (downloaded: 2026-08-07 09:20:41.476175+00:00)
[verify] 全新环境重放 3 步: 未通关 — 通关 1/6 state=NOT_FINISHED
