INFO:arc_agi.scorecard:Initialized ScorecardManager with idle_for=0:15:00 and max_open_for=3 days, 0:00:00
2026-08-09 09:35:11 | INFO | Created new scorecard: b5bf337f-bced-4b8c-a90d-b0fc97825f6b
2026-08-09 09:35:11 | INFO | Found latest version of tr87: tr87-cd924810 (downloaded: 2026-08-07 09:21:35.807251+00:00)
2026-08-09 09:35:11 | INFO | Successfully loaded game class Tr87 from environment_files/tr87/cd924810/tr87.py
L3: 7 位, DFS 穷举开始
  clones=5000 acts=34980 22s path=[0, 1, 5, 3, 2, 6]
  clones=10000 acts=69982 43s path=[0, 3, 3, 6, 6, 1]
  clones=15000 acts=104977 64s path=[0, 5, 2, 3, 2, 2]
  clones=20000 acts=139979 86s path=[1, 0, 0, 6, 5, 4]
  clones=25000 acts=174981 107s path=[1, 1, 6, 3, 1, 6]
  clones=30000 acts=209983 129s path=[1, 3, 4, 6, 5, 1]
  clones=35000 acts=244978 151s path=[1, 5, 3, 3, 1, 2]
  clones=40000 acts=279980 172s path=[2, 0, 1, 6, 4, 4]
  clones=45000 acts=314975 194s path=[2, 2, 0, 3, 0, 5]
  clones=50000 acts=349984 216s path=[2, 3, 5, 6, 4, 1]
  clones=55000 acts=384979 237s path=[2, 5, 4, 3, 0, 2]
  clones=60000 acts=419981 259s path=[3, 0, 2, 6, 3, 4]
  clones=65000 acts=454983 281s path=[3, 2, 1, 2, 6, 6]
  clones=70000 acts=489985 302s path=[3, 3, 6, 6, 3, 1]
  clones=75000 acts=524987 324s path=[3, 5, 5, 2, 6, 3]
  clones=80000 acts=559982 346s path=[4, 0, 3, 6, 2, 4]
  clones=85000 acts=594984 367s path=[4, 2, 2, 2, 5, 6]
  clones=90000 acts=629979 389s path=[4, 4, 0, 6, 2, 0]
  clones=95000 acts=664988 410s path=[4, 5, 6, 2, 5, 3]
  clones=100000 acts=699983 432s path=[5, 0, 4, 6, 1, 4]
  clones=105000 acts=734985 453s path=[5, 2, 3, 2, 4, 6]
  clones=110000 acts=769980 474s path=[5, 4, 1, 6, 1, 0]
  clones=115000 acts=804982 495s path=[5, 6, 0, 2, 4, 2]
  clones=120000 acts=839984 516s path=[6, 0, 5, 6, 0, 4]
  clones=125000 acts=874986 537s path=[6, 2, 4, 2, 3, 6]
  clones=130000 acts=909981 558s path=[6, 4, 2, 6, 0, 0]
结果: [6, 5, 4, 5, 3, 5, 5] (clones=133573 acts=935008 574s)
真机: levels=3 (21步)
已存
