INFO:arc_agi.scorecard:Initialized ScorecardManager with idle_for=0:15:00 and max_open_for=3 days, 0:00:00
2026-08-09 09:46:03 | INFO | Created new scorecard: 5beeafe5-7fe0-4254-9cb7-64bbb9f75d5e
2026-08-09 09:46:03 | INFO | Found latest version of tr87: tr87-cd924810 (downloaded: 2026-08-07 09:21:35.807251+00:00)
2026-08-09 09:46:03 | INFO | Successfully loaded game class Tr87 from environment_files/tr87/cd924810/tr87.py
L4: 7 位, DFS 穷举开始
  clones=5000 acts=34980 24s path=[0, 1, 5, 3, 2, 6]
  clones=10000 acts=69982 48s path=[0, 3, 3, 6, 6, 1]
  clones=15000 acts=104977 72s path=[0, 5, 2, 3, 2, 2]
  clones=20000 acts=139979 95s path=[1, 0, 0, 6, 5, 4]
  clones=25000 acts=174981 120s path=[1, 1, 6, 3, 1, 6]
  clones=30000 acts=209983 144s path=[1, 3, 4, 6, 5, 1]
  clones=35000 acts=244978 168s path=[1, 5, 3, 3, 1, 2]
  clones=40000 acts=279980 193s path=[2, 0, 1, 6, 4, 4]
  clones=45000 acts=314975 217s path=[2, 2, 0, 3, 0, 5]
  clones=50000 acts=349984 241s path=[2, 3, 5, 6, 4, 1]
  clones=55000 acts=384979 265s path=[2, 5, 4, 3, 0, 2]
  clones=60000 acts=419981 290s path=[3, 0, 2, 6, 3, 4]
  clones=65000 acts=454983 319s path=[3, 2, 1, 2, 6, 6]
结果: [3, 3, 3, 0, 5, 3, 6] (clones=68476 acts=479319 339s)
真机: levels=4 (21步)
已存
