INFO:arc_agi.scorecard:Initialized ScorecardManager with idle_for=0:15:00 and max_open_for=3 days, 0:00:00
2026-08-17 18:52:32 | INFO | Created new scorecard: 755af7ff-4391-4da1-ab37-d42bfa19b086
2026-08-17 18:52:32 | INFO | Found latest version of cd82: cd82-fb555c5d (downloaded: 2026-08-07 09:21:09.678017+00:00)
2026-08-17 18:52:32 | INFO | Successfully loaded game class Cd82 from environment_files/cd82/fb555c5d/cd82.py
到 L3, level=2, 已知解 18 步, 人类 41 步
目标: region_match((34, 43, 27, 36) 要等于 (3, 12, 3, 12))  开局差 100 格
[canvas] 答案区 (34, 43, 27, 36) | 提交动作 5 个 ['A5', 'A6(34,19)', 'A6(31,19)', 'A6(31,21)'] | 调整动作 32 个 | 未剔 noop
[掩码] probe 掩 5 格, 因果判据再掩 0 格: []
[canvas] 边表剔 noop: 32 -> 17 条 (在 8 个构型上问过) ['A1', 'A6(2,16)', 'A6(26,4)', 'A6(6,7)', 'A6(7,4)', 'A6(11,4)']
[canvas] 画笔 84 支, 判 100/100 格, 构型 56 完整 | 9s
[证据] 跨笔并集判不了 0 格 | 至少一支笔判不了 30 格
       单笔盲区: 最小 0 格, 中位 20 格, 最大 20 格 <- **收尾要用盲区为 0 的笔**
       盲区为 0 的笔: 27 支
[至少一支笔判不了的格] o=全部笔都有证据 .=有笔没证据
    o o o o o o o o o o
    o o o o o o o o o o
    o o o o o o o o o o
    o o o o o o o o o o
    o o o o o o o o o o
    o o o o o o . . . .
    o o o o . . o . . .
    o o o . . . . o . .
    o o . . . . . . o .
    o . . . . . . . . o
[canvas] 抽象画布未解出(最好差 14 格), 0.34s beam 宽 300 深 8 未到 0
抽象层没解出: 最好差 14
