INFO:arc_agi.scorecard:Initialized ScorecardManager with idle_for=0:15:00 and max_open_for=3 days, 0:00:00
2026-08-17 20:14:19 | INFO | Created new scorecard: bc53473d-4b45-443a-a8c0-f5ff0f6283bf
2026-08-17 20:14:19 | INFO | Found latest version of cd82: cd82-fb555c5d (downloaded: 2026-08-07 09:21:09.678017+00:00)
2026-08-17 20:14:19 | INFO | Successfully loaded game class Cd82 from environment_files/cd82/fb555c5d/cd82.py
答案区 (34, 43, 27, 36) | 名义: 提交 5 调整 32
采到 8 个互不相同的构型当现场

[三分类 · 在 8 个构型上问过]
  真调整(改构型, 图上真边)         17 个
  🚨本该是提交(只改画布, 被漏判)    0 个  []
  noop(什么都不改, 图上虚边)       15 个  ['A1', 'A6(2,16)', 'A6(26,4)', 'A6(6,7)', 'A6(7,4)', 'A6(11,4)']

[真实出度] 名义 32 | 各现场真实出度 [14, 14, 14, 14, 14, 14, 14, 14]
  中位 14 | 最小 14 | 最大 14

[真边的有效范围] 该动作在几个现场改得动构型:
  A2                     2/8  ⚠️只在部分构型上有效
  A3                     7/8  ⚠️只在部分构型上有效
  A4                     7/8  ⚠️只在部分构型上有效
  A6(25,4)               7/8  ⚠️只在部分构型上有效
  A6(31,4)               5/8  ⚠️只在部分构型上有效
  A6(37,4)               7/8  ⚠️只在部分构型上有效
  A6(43,4)               7/8  ⚠️只在部分构型上有效
  A6(49,4)               7/8  ⚠️只在部分构型上有效
  A6(55,4)               7/8  ⚠️只在部分构型上有效
  A6(61,4)               8/8
  A6(23,4)               7/8  ⚠️只在部分构型上有效
  A6(29,4)               5/8  ⚠️只在部分构型上有效
  A6(35,4)               7/8  ⚠️只在部分构型上有效
  A6(41,4)               7/8  ⚠️只在部分构型上有效
  A6(47,4)               7/8  ⚠️只在部分构型上有效
  A6(53,4)               7/8  ⚠️只在部分构型上有效
  A6(59,4)               8/8

结论: 32 条名义边里 15 条是假的 (47%)
  分支因子: 真实 14 vs 名义 32 = **虚高 2.3 倍**
  ⚠️虚高是真的, 但**不要据此剪枝** —— 实测剔完可达构型塌 95%, 端到端更差。
     这条线索的正确去处是感知层: 那些 noop 点击都落在控件之间的缝上。
[canvas] ⚠️边表剔 noop: 32 -> 17 条 (仅在 8 个构型上问过) ['A1', 'A6(2,16)', 'A6(26,4)', 'A6(6,7)', 'A6(7,4)', 'A6(11,4)']

[prune_noops 回归] 剔 15 留 17 (在 8 个构型上问)
  ✅ 与三分类的 noop 清单逐字相同 (15 个)
  ⚠️15/17 条真边**只在部分构型上有效**(最窄的 2/8)。
     静态边表按'处处能走'来规划, 执行期就可能报走不到。
总耗时 1s
