INFO:arc_agi.scorecard:Initialized ScorecardManager with idle_for=0:15:00 and max_open_for=3 days, 0:00:00
2026-08-07 15:25:05 | INFO | Created new scorecard: ec60e554-8b67-4024-829d-4991e427e3dc
2026-08-07 15:25:05 | INFO | Found latest version of ls20: ls20-9607627b (downloaded: 2026-08-06 14:41:01.255108+00:00)
2026-08-07 15:25:05 | INFO | Successfully loaded game class Ls20 from environment_files/ls20/9607627b/ls20.py
锁A前 ((30, 54), 413, 8, 34)
穿锁A ((35, 54), 413, 8, 33)
扩展2000 队列306 已见806 最优h=17 18s
扩展4000 队列560 已见1560 最优h=16 38s
扩展6000 队列783 已见2283 最优h=21 57s
扩展8000 队列1095 已见3095 最优h=10 77s
扩展10000 队列1294 已见3794 最优h=11 98s
扩展12000 队列1594 已见4594 最优h=17 118s
扩展14000 队列1875 已见5375 最优h=11 138s
扩展16000 队列1996 已见5996 最优h=16 159s
扩展18000 队列2237 已见6737 最优h=24 179s
扩展20000 队列2400 已见7400 最优h=17 201s
扩展22000 队列2533 已见8033 最优h=14 221s
扩展24000 队列2922 已见8922 最优h=22 241s
扩展26000 队列3007 已见9507 最优h=17 260s
扩展28000 队列3106 已见10106 最优h=13 281s
