INFO:arc_agi.scorecard:Initialized ScorecardManager with idle_for=0:15:00 and max_open_for=3 days, 0:00:00
2026-08-07 15:32:14 | INFO | Created new scorecard: ec4e4ebe-b559-481f-83a8-746ff8c1b2fe
2026-08-07 15:32:14 | INFO | Found latest version of ls20: ls20-9607627b (downloaded: 2026-08-06 14:41:01.255108+00:00)
2026-08-07 15:32:14 | INFO | Successfully loaded game class Ls20 from environment_files/ls20/9607627b/ls20.py
锁A前 ((30, 54), 413, 8, 34)
穿锁A ((35, 54), 413, 8, 33)
启发表: 可达态6196 有距离6196 起点h=44 最远56
  h=43 深度1 能量32 态((30, 54), 413, 8) 0s
  h=42 深度2 能量31 态((25, 54), 413, 8) 0s
  h=41 深度3 能量30 态((25, 49), 413, 8) 0s
  h=40 深度4 能量29 态((20, 39), 413, 8) 0s
  h=39 深度5 能量28 态((15, 39), 413, 8) 0s
  h=38 深度6 能量27 态((10, 39), 413, 8) 0s
  h=35 深度7 能量26 态((10, 34), 151, 8) 0s
  h=34 深度8 能量25 态((10, 29), 367, 8) 0s
  h=33 深度9 能量24 态((10, 24), 234, 8) 0s
  h=32 深度12 能量21 态((10, 29), 179, 8) 0s
  h=31 深度15 能量18 态((10, 34), 461, 8) 1s
  h=30 深度16 能量17 态((10, 39), 461, 8) 1s
  h=29 深度17 能量16 态((15, 39), 461, 8) 1s
  h=28 深度18 能量15 态((20, 39), 461, 8) 1s
  h=27 深度19 能量14 态((25, 39), 461, 8) 1s
  h=26 深度20 能量13 态((30, 39), 461, 8) 1s
  h=25 深度21 能量12 态((35, 39), 461, 8) 1s
  h=24 深度22 能量39 态((45, 24), 461, 8) 2s
  h=23 深度21 能量12 态((40, 24), 335, 8) 2s
  h=22 深度26 能量35 态((40, 29), 359, 8) 3s
  h=21 深度27 能量34 态((40, 34), 485, 8) 3s
  h=20 深度28 能量33 态((40, 39), 485, 8) 3s
  h=19 深度29 能量32 态((35, 39), 485, 8) 3s
  h=18 深度30 能量31 态((30, 39), 485, 8) 3s
  h=17 深度31 能量30 态((25, 39), 485, 8) 3s
  h=16 深度32 能量29 态((25, 34), 485, 8) 3s
  h=15 深度33 能量28 态((25, 29), 485, 12) 3s
  h=14 深度34 能量27 态((20, 29), 485, 12) 3s
  h=13 深度35 能量26 态((25, 29), 485, 9) 6s
  h=12 深度36 能量25 态((25, 34), 485, 9) 6s
  h=11 深度37 能量24 态((25, 39), 485, 9) 6s
  h=10 深度38 能量23 态((20, 39), 485, 9) 6s
  h=9 深度39 能量22 态((15, 39), 485, 9) 6s
  h=8 深度40 能量21 态((15, 44), 485, 9) 6s
  h=7 深度41 能量20 态((15, 49), 485, 9) 6s
  h=6 深度42 能量19 态((10, 49), 485, 9) 6s
  h=5 深度43 能量18 态((25, 49), 485, 9) 6s
  h=4 深度44 能量17 态((25, 54), 485, 9) 6s
  h=3 深度45 能量16 态((30, 54), 485, 9) 6s
  h=2 深度46 能量15 态((35, 54), 485, 9) 6s
  h=1 深度47 能量14 态((40, 54), 485, 9) 6s
  h=0 深度48 能量13 态((45, 54), 485, 9) 6s
*** L6 通关! 第二段49步, 本关共79步
