INFO:arc_agi.scorecard:Initialized ScorecardManager with idle_for=0:15:00 and max_open_for=3 days, 0:00:00
2026-08-07 15:45:19 | INFO | Created new scorecard: 8004e3a8-ad21-433b-be53-1842f189d5b9
2026-08-07 15:45:19 | INFO | Found latest version of ls20: ls20-9607627b (downloaded: 2026-08-06 14:41:01.255108+00:00)
2026-08-07 15:45:19 | INFO | Successfully loaded game class Ls20 from environment_files/ls20/9607627b/ls20.py
L7 起点 ((15, 19), 466, 12) 能量 42
扩展2000 队列121 状态349 深度~17 格61 形状9 色[8, 9, 12, 14] 19s
扩展4000 队列159 状态549 深度~21 格62 形状9 色[8, 9, 12, 14] 40s
扩展6000 队列168 状态769 深度~24 格62 形状9 色[8, 9, 12, 14] 60s
扩展8000 队列213 状态1069 深度~27 格62 形状9 色[8, 9, 12, 14] 82s
扩展10000 队列225 状态1336 深度~29 格62 形状9 色[8, 9, 12, 14] 104s
扩展12000 队列245 状态1616 深度~31 格62 形状13 色[8, 9, 12, 14] 125s
扩展14000 队列286 状态1905 深度~33 格62 形状18 色[8, 9, 12, 14] 147s
扩展16000 队列329 状态2188 深度~35 格62 形状20 色[8, 9, 12, 14] 169s
扩展18000 队列458 状态2532 深度~36 格62 形状21 色[8, 9, 12, 14] 190s
扩展20000 队列536 状态2799 深度~37 格62 形状21 色[8, 9, 12, 14] 212s
扩展22000 队列565 状态3042 深度~38 格62 形状22 色[8, 9, 12, 14] 234s
扩展24000 队列580 状态3288 深度~39 格62 形状22 色[8, 9, 12, 14] 256s
扩展26000 队列689 状态3539 深度~40 格62 形状23 色[8, 9, 12, 14] 278s
扩展28000 队列726 状态3714 深度~41 格62 形状23 色[8, 9, 12, 14] 300s
扩展30000 队列708 状态3933 深度~41 格62 形状24 色[8, 9, 12, 14] 322s
扩展32000 队列724 状态4094 深度~42 格62 形状24 色[8, 9, 12, 14] 344s
扩展34000 队列671 状态4224 深度~43 格62 形状24 色[8, 9, 12, 14] 366s
扩展36000 队列752 状态4428 深度~44 格62 形状24 色[8, 9, 12, 14] 388s
扩展38000 队列800 状态4561 深度~44 格62 形状24 色[8, 9, 12, 14] 411s
扩展40000 队列769 状态4684 深度~45 格62 形状24 色[8, 9, 12, 14] 433s
扩展42000 队列660 状态4790 深度~46 格62 形状24 色[8, 9, 12, 14] 455s
扩展44000 队列788 状态4916 深度~46 格62 形状24 色[8, 9, 12, 14] 478s
扩展46000 队列775 状态5002 深度~47 格62 形状24 色[8, 9, 12, 14] 500s
扩展48000 队列789 状态5083 深度~48 格62 形状24 色[8, 9, 12, 14] 522s
扩展50000 队列799 状态5176 深度~48 格62 形状24 色[8, 9, 12, 14] 545s
