INFO:arc_agi.scorecard:Initialized ScorecardManager with idle_for=0:15:00 and max_open_for=3 days, 0:00:00
2026-08-07 15:55:21 | INFO | Created new scorecard: b490a6a5-74d6-4644-b176-5bda76372789
2026-08-07 15:55:21 | INFO | Found latest version of ls20: ls20-9607627b (downloaded: 2026-08-06 14:41:01.255108+00:00)
2026-08-07 15:55:21 | INFO | Successfully loaded game class Ls20 from environment_files/ls20/9607627b/ls20.py
  新形状 493=X.X/X.X/XXX 于机关格 (40, 19) (由 466=.X./.X./XXX 变来) 深度9
  新形状 174=.XX/X.X/.X. 于机关格 (40, 19) (由 493=X.X/X.X/XXX 变来) 深度11
  新形状 410=.X./XX./.XX 于机关格 (40, 19) (由 174=.XX/X.X/.X. 变来) 深度13
  新形状 121=X../XXX/X.. 于机关格 (30, 54) (由 466=.X./.X./XXX 变来) 深度14
  新形状 151=XXX/.X./.X. 于机关格 (25, 54) (由 121=X../XXX/X.. 变来) 深度15
  新形状 359=XXX/..X/X.X 于机关格 (40, 19) (由 410=.X./XX./.XX 变来) 深度15
  新形状 316=..X/XXX/..X 于机关格 (20, 54) (由 151=XXX/.X./.X. 变来) 深度16
  新形状 371=XX./.XX/X.X 于机关格 (40, 19) (由 359=XXX/..X/X.X 变来) 深度17
扩展5000 队列181 状态643 深度~22 形状9 机关格8 含413=False 51s
扩展10000 队列225 状态1336 深度~29 形状9 机关格8 含413=False 107s
  新形状 463=XXX/X../XXX 于机关格 (10, 54) (由 493=X.X/X.X/XXX 变来) 深度30
  新形状 426=.X./X.X/.XX 于机关格 (15, 54) (由 174=.XX/X.X/.X. 变来) 深度31
  新形状 367=XXX/X.X/X.X 于机关格 (15, 54) (由 463=XXX/X../XXX 变来) 深度31
  新形状 234=.X./X.X/XX. 于机关格 (20, 54) (由 426=.X./X.X/.XX 变来) 深度32
  新形状 487=XXX/..X/XXX 于机关格 (20, 54) (由 367=XXX/X.X/X.X 变来) 深度32
  新形状 122=.X./XXX/X.. 于机关格 (25, 54) (由 410=.X./XX./.XX 变来) 深度33
  新形状 171=XX./X.X/.X. 于机关格 (25, 54) (由 234=.X./X.X/XX. 变来) 深度33
  新形状 485=X.X/..X/XXX 于机关格 (30, 54) (由 359=XXX/..X/X.X 变来) 深度34
  新形状 179=XX./.XX/.X. 于机关格 (30, 54) (由 122=.X./XXX/X.. 变来) 深度34
  新形状 461=X.X/X../XXX 于机关格 (25, 54) (由 485=X.X/..X/XXX 变来) 深度35
  新形状 188=..X/XXX/.X. 于机关格 (25, 54) (由 179=XX./.XX/.X. 变来) 深度35
扩展15000 队列330 状态2064 深度~34 形状20 机关格8 含413=False 162s
  新形状 335=XXX/X../X.X 于机关格 (20, 54) (由 461=X.X/X../XXX 变来) 深度36
扩展20000 队列536 状态2799 深度~37 形状21 机关格8 含413=False 215s
  新形状 245=X.X/.XX/XX. 于机关格 (40, 19) (由 485=X.X/..X/XXX 变来) 深度39
扩展25000 队列612 状态3403 深度~40 形状22 机关格8 含413=False 269s
  新形状 413=X.X/XX./.XX 于机关格 (15, 54) (由 245=X.X/.XX/XX. 变来) 深度41
  新形状 350=.XX/XX./X.X 于机关格 (20, 54) (由 413=X.X/XX./.XX 变来) 深度42
扩展30000 队列708 状态3933 深度~41 形状24 机关格8 含413=True 324s
扩展35000 队列709 状态4323 深度~43 形状24 机关格8 含413=True 380s
