
=== L1 (人类 18) ===
  面板=[8] 目标=[9, 14, 11, 15] 盘=[14, 15, 9, 11]
  ✓ 克隆体验证通过: 9 步
  真机: L1 过, 累计 9 步

=== L2 (人类 28) ===
  面板=[8, 14] 目标=[12, 15, 8, 9, 14, 11, 6] 盘=[8, 15, 14, 12, 6, 9, 11]
  ✓ 克隆体验证通过: 15 步
  真机: L2 过, 累计 24 步

=== L3 (人类 18) ===
  面板=[8, 9, 14] 目标=[8, 14, 15, 11, 6, 9, 12] 盘=[12, 14, 15, 11, 9, 6, 8]
  ✓ 克隆体验证通过: 15 步
  真机: L3 过, 累计 39 步

=== L4 (人类 19) ===
  面板=[8, 14] 目标=[11, 8, 14, 9, 6, 12, 15] 盘=[11, 6, 12, 8, 15, 9, 14]
  ✓ 克隆体验证通过: 15 步
  真机: L4 过, 累计 54 步

=== L5 (人类 31) ===
  面板=[8, 9] 目标=[6, 14, 8, 8, 14, 8, 8, 11, 15] 盘=[15, 6, 8, 8, 11, 14, 9, 9]
  ✓ 克隆体验证通过: 17 步
  真机: L5 过, 累计 71 步

=== L6 (人类 23) ===
  面板=[8, 9, 12, 14] 目标=[9, 11, 11, 12, 15, 15, 14, 6, 6] 盘=[11, 6, 15, 11, 6, 15, 14, 9, 12]
  ✓ 克隆体验证通过: 19 步
  真机: L6 过, 累计 90 步

=== L7 (人类 58) ===
  面板=[8, 9, 14] 目标=[8, 9, 14, 11, 14, 9, 8] 盘=[8, 9, 8, 14, 9, 14, 14, 9]
  ✓ 克隆体验证通过: 17 步
  真机: L7 过, 累计 107 步

=== L8 (人类 18) ===
  面板=[8, 9] 目标=[8, 11, 12, 9, 14, 15, 8, 11, 12, 9, 14, 15] 盘=[15, 11, 12, 8, 9, 14, 8, 9]
  ✓ 克隆体验证通过: 17 步
  真机: L8 过, 累计 124 步

=== 通关 8/8 state=WIN | AI 124 步 vs 人类 213 ===
已写 sb26_solutions.json
