INFO:arc_agi.scorecard:Initialized ScorecardManager with idle_for=0:15:00 and max_open_for=3 days, 0:00:00
2026-08-18 09:56:12 | INFO | Created new scorecard: fa916893-9b0b-4a42-a282-4add03087ae2
2026-08-18 09:56:12 | INFO | Found latest version of sc25: sc25-635fd71a (downloaded: 2026-08-07 09:21:02.685063+00:00)
2026-08-18 09:56:12 | INFO | Successfully loaded game class Sc25 from environment_files/sc25/635fd71a/sc25.py
L1 用在案解重放 13 步 -> level=1 (人类 36)

=== L2 (人类 6 步) ===
  点击目标 32 个 -> 有效 10 个 | 按键 4 | lagged=False
  语义指纹: 画布 (49, 61, 24, 36)(提交 10) + 构型 (35, 38, 27, 38) (4x12=48 格, 而全屏掩码是 3988 格)
  启发式: 画布可变格 81 个 + 送货(可动色 set() -> 固定同色中心 None) | 开局 h=27
    h 降到 0 (深度 3, 扩展 32, 1s)
  🏆 L2 通关 5 步 vs 人类 6 | 直接发现 | 扩展 34 | 2s | level=2

=== L3 (人类 32 步) ===
  点击目标 28 个 -> 有效 10 个 | 按键 4 | lagged=False
  语义指纹: 画布 (49, 61, 24, 36)(提交 10) + 构型 (18, 29, 31, 42) (12x12=144 格, 而全屏掩码是 4059 格)
  启发式: 画布可变格 72 个 + 送货(可动色 {9, 10} -> 固定同色中心 (39.5, 24.0)) | 开局 h=46
    h 降到 42 (深度 1, 扩展 1, 1s)
    h 降到 38 (深度 2, 扩展 2, 1s)
    h 降到 34 (深度 3, 扩展 3, 1s)
    h 降到 20 (深度 5, 扩展 18, 1s)
    h 降到 16 (深度 6, 扩展 19, 1s)
    扩展 2000 | 见过 4745 | 堆 2745 | 最深 13 | h 最好 16 | 41s
    扩展 4000 | 见过 8703 | 堆 4703 | 最深 14 | h 最好 16 | 82s
    扩展 6000 | 见过 11757 | 堆 5757 | 最深 14 | h 最好 16 | 122s
    扩展 8000 | 见过 14285 | 堆 6285 | 最深 14 | h 最好 16 | 163s
    扩展 10000 | 见过 17120 | 堆 7120 | 最深 14 | h 最好 16 | 202s
    扩展 12000 | 见过 20230 | 堆 8230 | 最深 15 | h 最好 16 | 243s
    扩展 14000 | 见过 22465 | 堆 8465 | 最深 15 | h 最好 16 | 283s
