INFO:arc_agi.scorecard:Initialized ScorecardManager with idle_for=0:15:00 and max_open_for=3 days, 0:00:00
2026-08-17 22:06:47 | INFO | Created new scorecard: 2218da04-637a-4619-baf8-b3d92dcd916f
2026-08-17 22:06:47 | INFO | Found latest version of sc25: sc25-635fd71a (downloaded: 2026-08-07 09:21:02.685063+00:00)
2026-08-17 22:06:47 | INFO | Successfully loaded game class Sc25 from environment_files/sc25/635fd71a/sc25.py

=== 开局 (颜色->字符: 0=  2=: 3=- 5=+ 9=@ 10=$ 14=< 15=>) ===
    0123456789012345678901234567890123456789012345678901234567890123
  0 ++++++++++++++++++++++++++++++++++++++++++++++++++++++++++++++<<
  1 ++++++++++++++++++++++++++++++++++++++++++++++++++++++++++++++<<
  2 ++++++++++++++++++++++++++++++++++++++++++++++++++++++++++++++<<
  3 ++++++++++++++++++++++++++++++++++++++++++++++++++++++++++++++<<
  4 ++++++++++++++++++++++++++++++++++++++++++++++++++++++++++++++<<
  5 ++++++++++++++++++++++++++++++++++++++++++++++++++++++++++++++<<
  6 ++++++++++++++++++++++++++++++++++++++++++++++++++++++++++++++<<
  7 ++++++++++++++++++++++++++++++++++++++++++++++++++++++++++++++<<
  8 ++++++++++++++++++++++++++++++++++++++++++++++++++++++++++++++<<
  9 ++++++++++++++++++++++++++++++++++++++++++++++++++++++++++++++<<
 10 ++++++++++++++++++++++++++++++++++++++++++++++++++++++++++++++<<
 11 ++++++++++++++++++++++++++++++++++++++++++++++++++++++++++++++<<
 12 ++++++++++++++++++++++++++++++++++++++++++++++++++++++++++++++<<
 13 ++++++++++++++++++++++++++++++++++++++++++++++++++++++++++++++<<
 14 ++++++++++++++++++++++++++++++++++++++++++++++++++++++++++++++<<
 15 ++++++++++++++++++++++++++++++++++++++++++++++++++++++++++++++<<
 16 ++++++++++++++++++++++++++++++++++++++++++++++++++++++++++++++<<
 17 ++++++++++++@@@@@+++++++++++++++++++++++++++++++++++++++++++++<<
 18 ++++++++++++@$$$$+++++++++++++++++++++++++++++++++++++++++++++<<
 19 ++++++++++++@$$$$::::::::::::::::::::::@@$$+++++++++++++++++++<< <A <C
 20 ++++++++++++@$$$$::::::::::::::::::::::@@$$+++++++++++++++++++<< <A <C
 21 ++++++++++++@$$$$++++++::::::::::::::::@@$$+++++++++++++++++++<< <A <C
 22 ++++++++++++@@@@@++++++::::::::::::::::@@$$+++++++++++++++++++<< <A <C
 23 ++++++++++++++++++++++++++++++++++++++++++++++++++++++++++++++<<
 24 ++++++++++++++++++++++++++++++++++++++++++++++++++++++++++++++<<
 25 ++++++++++++++++++++++++++++++++++++++++++++++++++++++++++++++<<
 26 ++++++++++++++++++++++++++++++++++++++++++++++++++++++++++++++<<
 27 ++++++++++++++++++++++++++++++++++++++++++++++++++++++++++++++<<
 28 ++++++++++++++++++++++++++++++++++++++++++++++++++++++++++++++<<
 29 ++++++++++++++++++++++++++++++++++++++++++++++++++++++++++++++<<
 30 ++++++++++++++++++++++++++++++++++++++++++++++++++++++++++++++<<
 31 ++++++++++++++++++++++++++++++++++++++++++++++++++++++++++++++<<
 32 ++++++++++++++++++++++++++++++++++++++++++++++++++++++++++++++<<
 33 ++++++++++++++++++++++++++++++++++++++++++++++++++++++++++++++<<
 34 ++++++++++++++++++++++++++++++++++++++++++++++++++++++++++++++<<
 35 ++++++++++++++++++++++++++++++++++++++++++++++++++++++++++++++<<
 36 ++++++++++++++++++++++++++++++++++++++++++++++++++++++++++++++<<
 37 ++++++++++++++++++++++++++++++++++++++++++++++++++++++++++++++<<
 38 ++++++++++++++++++++++++++++++++++++++++++++++++++++++++++++++<<
 39 ++++++++++++++++++++++++++++++++++++++++++++++++++++++++++++++<<
 40 ++++++++++++++++++++++++++++++++++++++++++++++++++++++++++++++<<
 41 ++++++++++++++++++++++++++++++++++++++++++++++++++++++++++++++<<
 42 ++++++++++++++++++++++++++++++++++++++++++++++++++++++++++++++<<
 43 ++++++++++++++++++++++++++++++++++++++++++++++++++++++++++++++<<
 44 ++++++++++++++++++++++++++++++++++++++++++++++++++++++++++++++<<
 45 ++++++++++++++++++++++++++++++++++++++++++++++++++++++++++++++<<
 46 ++++++++++++++++++++++++++++++++++++++++++++++++++++++++++++++<<
 47 ++++++++++++++++++++++-----------------+++++++++++++++++++++++<<
 48 ++++++++++++++++++++++-----------------+++++++++++++++++++++++<<
 49 ++++++++++++++++++++++--:::--   --:::--+++++++++++++++++++++++<< <九宫格
 50 +++++++++++----------+--:::--   --:::--+++++++++++++++++++++++<< <B <九宫格
 51 +++++++++++-:::>>:::-+--:::--   --:::--+++++++++++++++++++++++<< <B <九宫格
 52 +++++++++++-:::>>:::-+-----------------+++++++++++++++++++++++<< <B <九宫格
 53 +++++++++++-::::::::-+-----------------+++++++++++++++++++++++<< <B <九宫格
 54 +++++++++++->>::::>>-+--   --:::--   --+++++++++++++++++++++++<< <九宫格
 55 +++++++++++->>::::>>-+--   --:::--   --+++++++++++++++++++++++<< <九宫格
 56 +++++++++++-::::::::-+--   --:::--   --+++++++++++++++++++++++<< <九宫格
 57 +++++++++++-:::>>:::-+-----------------+++++++++++++++++++++++<< <九宫格
 58 +++++++++++-:::>>:::-+-----------------+++++++++++++++++++++++<< <九宫格
 59 +++++++++++----------+--:::--   --:::--+++++++++++++++++++++++<< <九宫格
 60 ++++++++++++++++++++++--:::--   --:::--+++++++++++++++++++++++<< <九宫格
 61 ++++++++++++++++++++++--:::--   --:::--+++++++++++++++++++++++<< <九宫格
 62 ++++++++++++++++++++++-----------------+++++++++++++++++++++++<<
 63 ++++++++++++++++++++++-----------------+++++++++++++++++++++++<<

=== 三个候选区域的实际内容 ===

A(19-22,31-42)  形状(4, 12) 颜色[2, 9, 10]
    ::::::::@@$$
    ::::::::@@$$
    ::::::::@@$$
    ::::::::@@$$

B(50-53,11-22)  形状(4, 12) 颜色[2, 3, 5, 15]
    ----------+-
    -:::>>:::-+-
    -:::>>:::-+-
    -::::::::-+-

C(19-22,23-30)  形状(4, 8) 颜色[2]
    ::::::::
    ::::::::
    ::::::::
    ::::::::

D(19-22,35-42)  形状(4, 8) 颜色[2, 9, 10]
    ::::@@$$
    ::::@@$$
    ::::@@$$
    ::::@@$$

=== 按键的真效果(走两次) ===
A1: 改 8 格, 行19..22 列39..42
    行 19: @@$$  ->  ··@@
    行 20: @@$$  ->  ··@@
    行 21: @@$$  ->  $$··
    行 22: @@$$  ->  $$··
A2: 改 8 格, 行19..22 列39..42
    行 19: @@$$  ->  $$··
    行 20: @@$$  ->  $$··
    行 21: @@$$  ->  ··@@
    行 22: @@$$  ->  ··@@
A3: 改 32 格, 行19..22 列35..42
    行 19: ::::@@$$  ->  @@$$::::
    行 20: ::::@@$$  ->  @@$$::::
    行 21: ::::@@$$  ->  @@$$::::
    行 22: ::::@@$$  ->  @@$$::::
A4: 改 16 格, 行19..22 列39..42
    行 19: @@$$  ->  $$@@
    行 20: @@$$  ->  $$@@
    行 21: @@$$  ->  $$@@
    行 22: @@$$  ->  $$@@
