=== sc25 裸跑 ===
人类基准逐关 = [36, 6, 32, 83, 143, 50] (合计 350)
tags = ['keyboard_click']
INFO:arc_agi.scorecard:Initialized ScorecardManager with idle_for=0:15:00 and max_open_for=3 days, 0:00:00
2026-08-17 21:10:58 | INFO | Created new scorecard: 46a0c9d9-f0c6-4e51-84b2-00049d023faa
2026-08-17 21:10:58 | INFO | Found latest version of sc25: sc25-635fd71a (downloaded: 2026-08-07 09:21:02.685063+00:00)
2026-08-17 21:10:58 | INFO | Successfully loaded game class Sc25 from environment_files/sc25/635fd71a/sc25.py
[agent] sc25 动作空间=keyboard_click
[交接] L1 是第一关, 无可继承知识, 全部要探
  [ReAct] 实体 0 个, 动作预算 52(GAME_OVER(两种走法一致, 判定为硬动作预算))
  [ReAct] 因果目标假设 12 条, 首选 region_match((19, 22, 35, 42) 要等于 (19, 22, 23, 30)) 开局 h=16
  [Plan] BFS(最短) [search] 未解出(⚠️深度<=1 就队列穷尽 —— 几乎必然是状态指纹坏了(掩码掩掉了游戏区域, 所有子状态指纹相同被全部去重), 不要当成'这关无解') | 扩展 1 节点, 见过 1 状态, 最深 0 层, 队列剩 0, 用时 0.1s
  [Plan] [model] 27 个动作: 可用 0(最大覆盖 []) / 状态相关 14 / 无效果 13 / 致死 0 / 样本不足 0
  [Plan] region_match((19, 22, 35, 42) 要等于 (19, 22, 23, 30)) 第1轮 [plan] 抽象层未解出(没有任何动作建成了常量覆盖表 —— 这个游戏的效果与状态有关, 抽象层用不上, 该回真机搜) | 展开 0 节点, h 最好 inf, 0.0s
  [Plan] region_match((19, 22, 35, 42) 要等于 (19, 22, 24, 31)) 第1轮 [plan] 抽象层未解出(没有任何动作建成了常量覆盖表 —— 这个游戏的效果与状态有关, 抽象层用不上, 该回真机搜) | 展开 0 节点, h 最好 inf, 0.0s
  [Plan] 真机最佳优先(region_match((19, 22, 35, 42) 要等于 (19, 22, 23, 30))) [search] 未解出(堆穷尽, 最好的 h=16) | 扩展 1 节点, 见过 1 状态, 最深 0 层, 队列剩 0, 用时 0.1s
  [Plan] 真机最佳优先(region_match((19, 22, 35, 42) 要等于 (19, 22, 24, 31))) [search] 未解出(堆穷尽, 最好的 h=16) | 扩展 1 节点, 见过 1 状态, 最深 0 层, 队列剩 0, 用时 0.1s
=== sc25 ===
 ✗ L1: 0 步 (人类 36) 1.0s
 通关 0/1 | AI 0 步 vs 人类 0 步
 **人工介入次数 = 0**
总耗时 1s
