=== sc25 攻关 (预算 x5.0) ===
cfg = {'bfs_seconds': 225.0, 'best_first_seconds': 600.0, 'slot_seconds': 600.0, 'max_nodes': 100000}
人类基准 [36, 6, 32, 83, 143, 50] 合计 350
INFO:arc_agi.scorecard:Initialized ScorecardManager with idle_for=0:15:00 and max_open_for=3 days, 0:00:00
2026-08-17 21:28:35 | INFO | Created new scorecard: f5ee6370-37ac-47da-aa48-9ba926fb529b
2026-08-17 21:28:35 | INFO | Found latest version of sc25: sc25-635fd71a (downloaded: 2026-08-07 09:21:02.685063+00:00)
2026-08-17 21:28:35 | INFO | Successfully loaded game class Sc25 from environment_files/sc25/635fd71a/sc25.py
[agent] sc25 动作空间=keyboard_click
[交接] L1 是第一关, 无可继承知识, 全部要探
  [ReAct] 实体 0 个, 动作预算 52(GAME_OVER(两种走法一致, 判定为硬动作预算))
  [ReAct] 因果目标假设 12 条, 首选 region_match((19, 22, 35, 42) 要等于 (19, 22, 23, 30)) 开局 h=16
  [Plan] BFS(最短) [search] 未解出(超时 225.0s) | 扩展 4441 节点, 见过 7431 状态, 最深 6 层, 队列剩 2990, 用时 225.0s
  [Plan] [model] 27 个动作: 可用 0(最大覆盖 []) / 状态相关 14 / 无效果 13 / 致死 0 / 样本不足 0
  [Plan] region_match((19, 22, 35, 42) 要等于 (19, 22, 23, 30)) 第1轮 [plan] 抽象层未解出(没有任何动作建成了常量覆盖表 —— 这个游戏的效果与状态有关, 抽象层用不上, 该回真机搜) | 展开 0 节点, h 最好 inf, 0.0s
  [Plan] region_match((19, 22, 35, 42) 要等于 (19, 22, 24, 31)) 第1轮 [plan] 抽象层未解出(没有任何动作建成了常量覆盖表 —— 这个游戏的效果与状态有关, 抽象层用不上, 该回真机搜) | 展开 0 节点, h 最好 inf, 0.0s
  [Plan] 真机最佳优先(region_match((19, 22, 35, 42) 要等于 (19, 22, 23, 30))) [search] 未解出(超时 600.0s, 最好的 h=3) | 扩展 12099 节点, 见过 22151 状态, 最深 12 层, 队列剩 10052, 用时 600.0s
  [Plan] 真机最佳优先(region_match((19, 22, 35, 42) 要等于 (19, 22, 24, 31))) [search] 未解出(超时 600.0s, 最好的 h=7) | 扩展 12421 节点, 见过 26484 状态, 最深 13 层, 队列剩 14063, 用时 600.0s
=== sc25 ===
 ✗ L1: 0 步 (人类 36) 1427.2s
 通关 0/1 | AI 0 步 vs 人类 0 步
 **人工介入次数 = 0**
总耗时 1427s
