INFO:arc_agi.scorecard:Initialized ScorecardManager with idle_for=0:15:00 and max_open_for=3 days, 0:00:00
2026-08-17 22:13:33 | INFO | Created new scorecard: a4a18eee-d4b5-4a95-9d64-06f36dbefce5
2026-08-17 22:13:33 | INFO | Found latest version of sc25: sc25-635fd71a (downloaded: 2026-08-07 09:21:02.685063+00:00)
2026-08-17 22:13:33 | INFO | Successfully loaded game class Sc25 from environment_files/sc25/635fd71a/sc25.py

=== 只用九宫格点击: 动作 9 个, 上限 4000 节点 ===
开局九宫格 (2, 0, 2, 0, 2, 0, 2, 0, 2)
  扩展 200 | 见过 347 状态 | 队列 147 | 最深 6 | 2s
  扩展 400 | 见过 522 状态 | 队列 122 | 最深 8 | 5s
  扩展 600 | 见过 741 状态 | 队列 141 | 最深 9 | 7s
  扩展 800 | 见过 919 状态 | 队列 119 | 最深 11 | 9s
  未解出: 扩展 992, 见过 992 状态, 队列剩 0, 12s
INFO:arc_agi.scorecard:Initialized ScorecardManager with idle_for=0:15:00 and max_open_for=3 days, 0:00:00
2026-08-17 22:13:45 | INFO | Created new scorecard: 190648ff-4f29-47ea-a3df-424d00de7cec
2026-08-17 22:13:45 | INFO | Found latest version of sc25: sc25-635fd71a (downloaded: 2026-08-07 09:21:02.685063+00:00)

=== 点击 + 按键: 动作 13 个, 上限 4000 节点 ===
开局九宫格 (2, 0, 2, 0, 2, 0, 2, 0, 2)
  扩展 200 | 见过 628 状态 | 队列 428 | 最深 5 | 4s
  扩展 400 | 见过 976 状态 | 队列 576 | 最深 6 | 7s
  扩展 600 | 见过 1255 状态 | 队列 655 | 最深 6 | 11s
  扩展 800 | 见过 1483 状态 | 队列 683 | 最深 7 | 14s
  扩展 1000 | 见过 1723 状态 | 队列 723 | 最深 7 | 17s
  扩展 1200 | 见过 1964 状态 | 队列 764 | 最深 7 | 21s
  扩展 1400 | 见过 2076 状态 | 队列 676 | 最深 7 | 24s
  扩展 1600 | 见过 2261 状态 | 队列 661 | 最深 8 | 28s
  扩展 1800 | 见过 2373 状态 | 队列 573 | 最深 8 | 31s
  扩展 2000 | 见过 2660 状态 | 队列 660 | 最深 8 | 35s
  扩展 2200 | 见过 2763 状态 | 队列 563 | 最深 9 | 38s
  扩展 2400 | 见过 2825 状态 | 队列 425 | 最深 9 | 42s
  扩展 2600 | 见过 3256 状态 | 队列 656 | 最深 9 | 45s
  扩展 2800 | 见过 3327 状态 | 队列 527 | 最深 10 | 48s
  扩展 3000 | 见过 3649 状态 | 队列 649 | 最深 10 | 52s
